Archive member included to satisfy reference by file (symbol)

/Applications/STM32CubeIDE.app/Contents/Eclipse/plugins/com.st.stm32cube.ide.mcu.externaltools.gnu-tools-for-stm32.7-2018-q2-update.macos64_1.4.0.202007081208/tools/bin/../lib/gcc/arm-none-eabi/7.3.1/../../../../arm-none-eabi/lib/thumb/v7e-m/fpv5/hard/libc_nano.a(lib_a-errno.o)
                              Core/Src/syscalls.o (__errno)
/Applications/STM32CubeIDE.app/Contents/Eclipse/plugins/com.st.stm32cube.ide.mcu.externaltools.gnu-tools-for-stm32.7-2018-q2-update.macos64_1.4.0.202007081208/tools/bin/../lib/gcc/arm-none-eabi/7.3.1/../../../../arm-none-eabi/lib/thumb/v7e-m/fpv5/hard/libc_nano.a(lib_a-exit.o)
                              /Applications/STM32CubeIDE.app/Contents/Eclipse/plugins/com.st.stm32cube.ide.mcu.externaltools.gnu-tools-for-stm32.7-2018-q2-update.macos64_1.4.0.202007081208/tools/bin/../lib/gcc/arm-none-eabi/7.3.1/../../../../arm-none-eabi/lib/thumb/v7e-m/fpv5/hard/crt0.o (exit)
/Applications/STM32CubeIDE.app/Contents/Eclipse/plugins/com.st.stm32cube.ide.mcu.externaltools.gnu-tools-for-stm32.7-2018-q2-update.macos64_1.4.0.202007081208/tools/bin/../lib/gcc/arm-none-eabi/7.3.1/../../../../arm-none-eabi/lib/thumb/v7e-m/fpv5/hard/libc_nano.a(lib_a-impure.o)
                              /Applications/STM32CubeIDE.app/Contents/Eclipse/plugins/com.st.stm32cube.ide.mcu.externaltools.gnu-tools-for-stm32.7-2018-q2-update.macos64_1.4.0.202007081208/tools/bin/../lib/gcc/arm-none-eabi/7.3.1/../../../../arm-none-eabi/lib/thumb/v7e-m/fpv5/hard/libc_nano.a(lib_a-exit.o) (_global_impure_ptr)
/Applications/STM32CubeIDE.app/Contents/Eclipse/plugins/com.st.stm32cube.ide.mcu.externaltools.gnu-tools-for-stm32.7-2018-q2-update.macos64_1.4.0.202007081208/tools/bin/../lib/gcc/arm-none-eabi/7.3.1/../../../../arm-none-eabi/lib/thumb/v7e-m/fpv5/hard/libc_nano.a(lib_a-init.o)
                              /Applications/STM32CubeIDE.app/Contents/Eclipse/plugins/com.st.stm32cube.ide.mcu.externaltools.gnu-tools-for-stm32.7-2018-q2-update.macos64_1.4.0.202007081208/tools/bin/../lib/gcc/arm-none-eabi/7.3.1/../../../../arm-none-eabi/lib/thumb/v7e-m/fpv5/hard/crt0.o (__libc_init_array)
/Applications/STM32CubeIDE.app/Contents/Eclipse/plugins/com.st.stm32cube.ide.mcu.externaltools.gnu-tools-for-stm32.7-2018-q2-update.macos64_1.4.0.202007081208/tools/bin/../lib/gcc/arm-none-eabi/7.3.1/../../../../arm-none-eabi/lib/thumb/v7e-m/fpv5/hard/libc_nano.a(lib_a-malloc.o)
                              Core/Src/sensors_sources/esp8266.o (malloc)
/Applications/STM32CubeIDE.app/Contents/Eclipse/plugins/com.st.stm32cube.ide.mcu.externaltools.gnu-tools-for-stm32.7-2018-q2-update.macos64_1.4.0.202007081208/tools/bin/../lib/gcc/arm-none-eabi/7.3.1/../../../../arm-none-eabi/lib/thumb/v7e-m/fpv5/hard/libc_nano.a(lib_a-memset.o)
                              /Applications/STM32CubeIDE.app/Contents/Eclipse/plugins/com.st.stm32cube.ide.mcu.externaltools.gnu-tools-for-stm32.7-2018-q2-update.macos64_1.4.0.202007081208/tools/bin/../lib/gcc/arm-none-eabi/7.3.1/../../../../arm-none-eabi/lib/thumb/v7e-m/fpv5/hard/crt0.o (memset)
/Applications/STM32CubeIDE.app/Contents/Eclipse/plugins/com.st.stm32cube.ide.mcu.externaltools.gnu-tools-for-stm32.7-2018-q2-update.macos64_1.4.0.202007081208/tools/bin/../lib/gcc/arm-none-eabi/7.3.1/../../../../arm-none-eabi/lib/thumb/v7e-m/fpv5/hard/libc_nano.a(lib_a-nano-freer.o)
                              /Applications/STM32CubeIDE.app/Contents/Eclipse/plugins/com.st.stm32cube.ide.mcu.externaltools.gnu-tools-for-stm32.7-2018-q2-update.macos64_1.4.0.202007081208/tools/bin/../lib/gcc/arm-none-eabi/7.3.1/../../../../arm-none-eabi/lib/thumb/v7e-m/fpv5/hard/libc_nano.a(lib_a-malloc.o) (_free_r)
/Applications/STM32CubeIDE.app/Contents/Eclipse/plugins/com.st.stm32cube.ide.mcu.externaltools.gnu-tools-for-stm32.7-2018-q2-update.macos64_1.4.0.202007081208/tools/bin/../lib/gcc/arm-none-eabi/7.3.1/../../../../arm-none-eabi/lib/thumb/v7e-m/fpv5/hard/libc_nano.a(lib_a-nano-mallocr.o)
                              /Applications/STM32CubeIDE.app/Contents/Eclipse/plugins/com.st.stm32cube.ide.mcu.externaltools.gnu-tools-for-stm32.7-2018-q2-update.macos64_1.4.0.202007081208/tools/bin/../lib/gcc/arm-none-eabi/7.3.1/../../../../arm-none-eabi/lib/thumb/v7e-m/fpv5/hard/libc_nano.a(lib_a-malloc.o) (_malloc_r)
/Applications/STM32CubeIDE.app/Contents/Eclipse/plugins/com.st.stm32cube.ide.mcu.externaltools.gnu-tools-for-stm32.7-2018-q2-update.macos64_1.4.0.202007081208/tools/bin/../lib/gcc/arm-none-eabi/7.3.1/../../../../arm-none-eabi/lib/thumb/v7e-m/fpv5/hard/libc_nano.a(lib_a-printf.o)
                              Core/Src/sensors_sources/analog_sensors.o (printf)
/Applications/STM32CubeIDE.app/Contents/Eclipse/plugins/com.st.stm32cube.ide.mcu.externaltools.gnu-tools-for-stm32.7-2018-q2-update.macos64_1.4.0.202007081208/tools/bin/../lib/gcc/arm-none-eabi/7.3.1/../../../../arm-none-eabi/lib/thumb/v7e-m/fpv5/hard/libc_nano.a(lib_a-realloc.o)
[...]
Memory Configuration

Name             Origin             Length             Attributes
FLASH            0x0000000008000000 0x0000000000100000 xr
RAM              0x0000000020000000 0x0000000000020000 xrw
ITCMRAM          0x0000000000000000 0x0000000000010000 xrw
*default*        0x0000000000000000 0xffffffffffffffff

Linker script and memory map

LOAD /Applications/STM32CubeIDE.app/Contents/Eclipse/plugins/com.st.stm32cube.ide.mcu.externaltools.gnu-tools-for-stm32.7-2018-q2-update.macos64_1.4.0.202007081208/tools/bin/../lib/gcc/arm-none-eabi/7.3.1/thumb/v7e-m/fpv5/hard/crti.o
LOAD /Applications/STM32CubeIDE.app/Contents/Eclipse/plugins/com.st.stm32cube.ide.mcu.externaltools.gnu-tools-for-stm32.7-2018-q2-update.macos64_1.4.0.202007081208/tools/bin/../lib/gcc/arm-none-eabi/7.3.1/thumb/v7e-m/fpv5/hard/crtbegin.o
LOAD /Applications/STM32CubeIDE.app/Contents/Eclipse/plugins/com.st.stm32cube.ide.mcu.externaltools.gnu-tools-for-stm32.7-2018-q2-update.macos64_1.4.0.202007081208/tools/bin/../lib/gcc/arm-none-eabi/7.3.1/../../../../arm-none-eabi/lib/thumb/v7e-m/fpv5/hard/crt0.o
LOAD Common/Src/system_stm32h7xx_dualcore_boot_cm4_cm7.o
LOAD Core/Src/adc.o
LOAD Core/Src/gpio.o
LOAD Core/Src/i2c.o
LOAD Core/Src/main.o
LOAD Core/Src/stm32h7xx_hal_msp.o
LOAD Core/Src/stm32h7xx_it.o
LOAD Core/Src/syscalls.o
LOAD Core/Src/sysmem.o
LOAD Core/Src/tim.o
LOAD Core/Src/usart.o
LOAD Core/Src/usb_otg.o
LOAD Core/Src/sensors_sources/analog_sensors.o
LOAD Core/Src/sensors_sources/buzzer.o
LOAD Core/Src/sensors_sources/dht11.o
LOAD Core/Src/sensors_sources/esp8266.o
LOAD Core/Startup/startup_stm32h755zitx.o
LOAD Drivers/STM32H7xx_HAL_Driver/stm32h7xx_hal.o
LOAD Drivers/STM32H7xx_HAL_Driver/stm32h7xx_hal_adc.o
LOAD Drivers/STM32H7xx_HAL_Driver/stm32h7xx_hal_adc_ex.o
LOAD Drivers/STM32H7xx_HAL_Driver/stm32h7xx_hal_cortex.o
LOAD Drivers/STM32H7xx_HAL_Driver/stm32h7xx_hal_dma.o
LOAD Drivers/STM32H7xx_HAL_Driver/stm32h7xx_hal_dma_ex.o
LOAD Drivers/STM32H7xx_HAL_Driver/stm32h7xx_hal_exti.o
LOAD Drivers/STM32H7xx_HAL_Driver/stm32h7xx_hal_flash.o
LOAD Drivers/STM32H7xx_HAL_Driver/stm32h7xx_hal_flash_ex.o
LOAD Drivers/STM32H7xx_HAL_Driver/stm32h7xx_hal_gpio.o
LOAD Drivers/STM32H7xx_HAL_Driver/stm32h7xx_hal_hsem.o
LOAD Drivers/STM32H7xx_HAL_Driver/stm32h7xx_hal_i2c.o
LOAD Drivers/STM32H7xx_HAL_Driver/stm32h7xx_hal_i2c_ex.o
LOAD Drivers/STM32H7xx_HAL_Driver/stm32h7xx_hal_mdma.o
LOAD Drivers/STM32H7xx_HAL_Driver/stm32h7xx_hal_pcd.o
LOAD Drivers/STM32H7xx_HAL_Driver/stm32h7xx_hal_pcd_ex.o
LOAD Drivers/STM32H7xx_HAL_Driver/stm32h7xx_hal_pwr.o
LOAD Drivers/STM32H7xx_HAL_Driver/stm32h7xx_hal_pwr_ex.o
LOAD Drivers/STM32H7xx_HAL_Driver/stm32h7xx_hal_rcc.o
LOAD Drivers/STM32H7xx_HAL_Driver/stm32h7xx_hal_rcc_ex.o
LOAD Drivers/STM32H7xx_HAL_Driver/stm32h7xx_hal_tim.o
LOAD Drivers/STM32H7xx_HAL_Driver/stm32h7xx_hal_tim_ex.o
LOAD Drivers/STM32H7xx_HAL_Driver/stm32h7xx_hal_uart.o
LOAD Drivers/STM32H7xx_HAL_Driver/stm32h7xx_hal_uart_ex.o
LOAD Drivers/STM32H7xx_HAL_Driver/stm32h7xx_ll_usb.o
START GROUP
LOAD /Applications/STM32CubeIDE.app/Contents/Eclipse/plugins/com.st.stm32cube.ide.mcu.externaltools.gnu-tools-for-stm32.7-2018-q2-update.macos64_1.4.0.202007081208/tools/bin/../lib/gcc/arm-none-eabi/7.3.1/../../../../arm-none-eabi/lib/thumb/v7e-m/fpv5/hard/libc_nano.a
LOAD /Applications/STM32CubeIDE.app/Contents/Eclipse/plugins/com.st.stm32cube.ide.mcu.externaltools.gnu-tools-for-stm32.7-2018-q2-update.macos64_1.4.0.202007081208/tools/bin/../lib/gcc/arm-none-eabi/7.3.1/../../../../arm-none-eabi/lib/thumb/v7e-m/fpv5/hard/libm.a
END GROUP
START GROUP
LOAD /Applications/STM32CubeIDE.app/Contents/Eclipse/plugins/com.st.stm32cube.ide.mcu.externaltools.gnu-tools-for-stm32.7-2018-q2-update.macos64_1.4.0.202007081208/tools/bin/../lib/gcc/arm-none-eabi/7.3.1/thumb/v7e-m/fpv5/hard/libgcc.a
LOAD /Applications/STM32CubeIDE.app/Contents/Eclipse/plugins/com.st.stm32cube.ide.mcu.externaltools.gnu-tools-for-stm32.7-2018-q2-update.macos64_1.4.0.202007081208/tools/bin/../lib/gcc/arm-none-eabi/7.3.1/../../../../arm-none-eabi/lib/thumb/v7e-m/fpv5/hard/libc_nano.a
END GROUP
START GROUP
LOAD /Applications/STM32CubeIDE.app/Contents/Eclipse/plugins/com.st.stm32cube.ide.mcu.externaltools.gnu-tools-for-stm32.7-2018-q2-update.macos64_1.4.0.202007081208/tools/bin/../lib/gcc/arm-none-eabi/7.3.1/thumb/v7e-m/fpv5/hard/libgcc.a
LOAD /Applications/STM32CubeIDE.app/Contents/Eclipse/plugins/com.st.stm32cube.ide.mcu.externaltools.gnu-tools-for-stm32.7-2018-q2-update.macos64_1.4.0.202007081208/tools/bin/../lib/gcc/arm-none-eabi/7.3.1/../../../../arm-none-eabi/lib/thumb/v7e-m/fpv5/hard/libc_nano.a
LOAD /Applications/STM32CubeIDE.app/Contents/Eclipse/plugins/com.st.stm32cube.ide.mcu.externaltools.gnu-tools-for-stm32.7-2018-q2-update.macos64_1.4.0.202007081208/tools/bin/../lib/gcc/arm-none-eabi/7.3.1/../../../../arm-none-eabi/lib/thumb/v7e-m/fpv5/hard/libnosys.a
END GROUP
START GROUP
LOAD /Applications/STM32CubeIDE.app/Contents/Eclipse/plugins/com.st.stm32cube.ide.mcu.externaltools.gnu-tools-for-stm32.7-2018-q2-update.macos64_1.4.0.202007081208/tools/bin/../lib/gcc/arm-none-eabi/7.3.1/thumb/v7e-m/fpv5/hard/libgcc.a
LOAD /Applications/STM32CubeIDE.app/Contents/Eclipse/plugins/com.st.stm32cube.ide.mcu.externaltools.gnu-tools-for-stm32.7-2018-q2-update.macos64_1.4.0.202007081208/tools/bin/../lib/gcc/arm-none-eabi/7.3.1/../../../../arm-none-eabi/lib/thumb/v7e-m/fpv5/hard/libc_nano.a
LOAD /Applications/STM32CubeIDE.app/Contents/Eclipse/plugins/com.st.stm32cube.ide.mcu.externaltools.gnu-tools-for-stm32.7-2018-q2-update.macos64_1.4.0.202007081208/tools/bin/../lib/gcc/arm-none-eabi/7.3.1/../../../../arm-none-eabi/lib/thumb/v7e-m/fpv5/hard/libnosys.a
END GROUP
LOAD /Applications/STM32CubeIDE.app/Contents/Eclipse/plugins/com.st.stm32cube.ide.mcu.externaltools.gnu-tools-for-stm32.7-2018-q2-update.macos64_1.4.0.202007081208/tools/bin/../lib/gcc/arm-none-eabi/7.3.1/thumb/v7e-m/fpv5/hard/crtend.o
LOAD /Applications/STM32CubeIDE.app/Contents/Eclipse/plugins/com.st.stm32cube.ide.mcu.externaltools.gnu-tools-for-stm32.7-2018-q2-update.macos64_1.4.0.202007081208/tools/bin/../lib/gcc/arm-none-eabi/7.3.1/thumb/v7e-m/fpv5/hard/crtn.o
                0x0000000020020000                _estack = 0x20020000
                0x0000000000000200                _Min_Heap_Size = 0x200
                0x0000000000000400                _Min_Stack_Size = 0x400

.isr_vector     0x0000000008000000      0x298
                0x0000000008000000                . = ALIGN (0x4)
 *(.isr_vector)
 .isr_vector    0x0000000008000000      0x298 Core/Startup/startup_stm32h755zitx.o
                0x0000000008000000                g_pfnVectors
                0x0000000008000298                . = ALIGN (0x4)

.text           0x00000000080002a0     0xa4e0
                0x00000000080002a0                . = ALIGN (0x4)
 *(.text)
 .text          0x00000000080002a0       0x40 /Applications/STM32CubeIDE.app/Contents/Eclipse/plugins/com.st.stm32cube.ide.mcu.externaltools.gnu-tools-for-stm32.7-2018-q2-update.macos64_1.4.0.202007081208/tools/bin/../lib/gcc/arm-none-eabi/7.3.1/thumb/v7e-m/fpv5/hard/crtbegin.o
 .text          0x00000000080002e0       0xa0 /Applications/STM32CubeIDE.app/Contents/Eclipse/plugins/com.st.stm32cube.ide.mcu.externaltools.gnu-tools-for-stm32.7-2018-q2-update.macos64_1.4.0.202007081208/tools/bin/../lib/gcc/arm-none-eabi/7.3.1/../../../../arm-none-eabi/lib/thumb/v7e-m/fpv5/hard/libc_nano.a(lib_a-memchr.o)
                0x00000000080002e0                memchr
 .text          0x0000000008000380       0x30 /Applications/STM32CubeIDE.app/Contents/Eclipse/plugins/com.st.stm32cube.ide.mcu.externaltools.gnu-tools-for-stm32.7-2018-q2-update.macos64_1.4.0.202007081208/tools/bin/../lib/gcc/arm-none-eabi/7.3.1/thumb/v7e-m/fpv5/hard/libgcc.a(_aeabi_uldivmod.o)
                0x0000000008000380                __aeabi_uldivmod
 .text          0x00000000080003b0      0x2cc /Applications/STM32CubeIDE.app/Contents/Eclipse/plugins/com.st.stm32cube.ide.mcu.externaltools.gnu-tools-for-stm32.7-2018-q2-update.macos64_1.4.0.202007081208/tools/bin/../lib/gcc/arm-none-eabi/7.3.1/thumb/v7e-m/fpv5/hard/libgcc.a(_udivmoddi4.o)
                0x00000000080003b0                __udivmoddi4
 .text          0x000000000800067c        0x4 /Applications/STM32CubeIDE.app/Contents/Eclipse/plugins/com.st.stm32cube.ide.mcu.externaltools.gnu-tools-for-stm32.7-2018-q2-update.macos64_1.4.0.202007081208/tools/bin/../lib/gcc/arm-none-eabi/7.3.1/thumb/v7e-m/fpv5/hard/libgcc.a(_dvmd_tls.o)
                0x000000000800067c                __aeabi_ldiv0
                0x000000000800067c                __aeabi_idiv0
 *(.text*)
 .text.SystemInit
                0x0000000008000680      0x134 Common/Src/system_stm32h7xx_dualcore_boot_cm4_cm7.o
                0x0000000008000680                SystemInit
 .text.MX_ADC1_Init
                0x00000000080007b4       0xf0 Core/Src/adc.o
                0x00000000080007b4                MX_ADC1_Init
 .text.MX_ADC3_Init
                0x00000000080008a4       0xcc Core/Src/adc.o
                0x00000000080008a4                MX_ADC3_Init
 .text.HAL_ADC_MspInit
                0x0000000008000970       0xf4 Core/Src/adc.o
                0x0000000008000970                HAL_ADC_MspInit
 .text.MX_GPIO_Init
                0x0000000008000a64      0x240 Core/Src/gpio.o
                0x0000000008000a64                MX_GPIO_Init
 .text.MX_I2C1_Init
                0x0000000008000ca4       0x80 Core/Src/i2c.o
                0x0000000008000ca4                MX_I2C1_Init
 .text.HAL_I2C_MspInit
                0x0000000008000d24       0x94 Core/Src/i2c.o
                0x0000000008000d24                HAL_I2C_MspInit
 .text.main     0x0000000008000db8      0x144 Core/Src/main.o
                0x0000000008000db8                main
 .text.SystemClock_Config
                0x0000000008000efc      0x1dc Core/Src/main.o
                0x0000000008000efc                SystemClock_Config
 .text.Error_Handler
                0x00000000080010d8        0xe Core/Src/main.o
                0x00000000080010d8                Error_Handler
 *fill*         0x00000000080010e6        0x2 
 .text.HAL_MspInit
                0x00000000080010e8       0x34 Core/Src/stm32h7xx_hal_msp.o
                0x00000000080010e8                HAL_MspInit
 .text.NMI_Handler
                0x000000000800111c        0xe Core/Src/stm32h7xx_it.o
                0x000000000800111c                NMI_Handler
 .text.HardFault_Handler
                0x000000000800112a        0x6 Core/Src/stm32h7xx_it.o
                0x000000000800112a                HardFault_Handler
 .text.MemManage_Handler
                0x0000000008001130        0x6 Core/Src/stm32h7xx_it.o
                0x0000000008001130                MemManage_Handler
 .text.BusFault_Handler
                0x0000000008001136        0x6 Core/Src/stm32h7xx_it.o
                0x0000000008001136                BusFault_Handler
 .text.UsageFault_Handler
                0x000000000800113c        0x6 Core/Src/stm32h7xx_it.o
                0x000000000800113c                UsageFault_Handler
 .text.SVC_Handler
                0x0000000008001142        0xe Core/Src/stm32h7xx_it.o
                0x0000000008001142                SVC_Handler
 .text.DebugMon_Handler
                0x0000000008001150        0xe Core/Src/stm32h7xx_it.o
                0x0000000008001150                DebugMon_Handler
 .text.PendSV_Handler
                0x000000000800115e        0xe Core/Src/stm32h7xx_it.o
                0x000000000800115e                PendSV_Handler
 .text.SysTick_Handler
                0x000000000800116c        0xc Core/Src/stm32h7xx_it.o
                0x000000000800116c                SysTick_Handler
 .text._read    0x0000000008001178       0x3a Core/Src/syscalls.o
                0x0000000008001178                _read
 .text._write   0x00000000080011b2       0x38 Core/Src/syscalls.o
                0x00000000080011b2                _write
 .text._close   0x00000000080011ea       0x18 Core/Src/syscalls.o
                0x00000000080011ea                _close
 .text._fstat   0x0000000008001202       0x20 Core/Src/syscalls.o
                0x0000000008001202                _fstat
 .text._isatty  0x0000000008001222       0x16 Core/Src/syscalls.o
                0x0000000008001222                _isatty
 .text._lseek   0x0000000008001238       0x1a Core/Src/syscalls.o
                0x0000000008001238                _lseek
 *fill*         0x0000000008001252        0x2 
 .text._sbrk    0x0000000008001254       0x6c Core/Src/sysmem.o
                0x0000000008001254                _sbrk
 .text.MX_TIM1_Init
                0x00000000080012c0      0x158 Core/Src/tim.o
                0x00000000080012c0                MX_TIM1_Init
 .text.MX_TIM6_Init
                0x0000000008001418       0x6c Core/Src/tim.o
                0x0000000008001418                MX_TIM6_Init
 .text.HAL_TIM_Base_MspInit
                0x0000000008001484       0x74 Core/Src/tim.o
                0x0000000008001484                HAL_TIM_Base_MspInit
 .text.HAL_TIM_MspPostInit
                0x00000000080014f8       0x78 Core/Src/tim.o
                0x00000000080014f8                HAL_TIM_MspPostInit
 .text.MX_USART2_UART_Init
                0x0000000008001570       0x98 Core/Src/usart.o
                0x0000000008001570                MX_USART2_UART_Init
 .text.MX_USART3_UART_Init
                0x0000000008001608       0x98 Core/Src/usart.o
                0x0000000008001608                MX_USART3_UART_Init
 .text.HAL_UART_MspInit
                0x00000000080016a0      0x144 Core/Src/usart.o
                0x00000000080016a0                HAL_UART_MspInit
 .text.MX_USB_OTG_FS_PCD_Init
                0x00000000080017e4       0x64 Core/Src/usb_otg.o
                0x00000000080017e4                MX_USB_OTG_FS_PCD_Init
 .text.HAL_PCD_MspInit
                0x0000000008001848       0xb0 Core/Src/usb_otg.o
                0x0000000008001848                HAL_PCD_MspInit
 .text.analog_sensor
                0x00000000080018f8       0x78 Core/Src/sensors_sources/analog_sensors.o
                0x00000000080018f8                analog_sensor
 .text.battery_level
                0x0000000008001970      0x208 Core/Src/sensors_sources/analog_sensors.o
                0x0000000008001970                battery_level
 .text.delay    0x0000000008001b78       0x2c Core/Src/sensors_sources/dht11.o
                0x0000000008001b78                delay
 .text.set_gpio_output
                0x0000000008001ba4       0x3c Core/Src/sensors_sources/dht11.o
                0x0000000008001ba4                set_gpio_output
 .text.set_gpio_input_nopull
                0x0000000008001be0       0x3c Core/Src/sensors_sources/dht11.o
                0x0000000008001be0                set_gpio_input_nopull
 .text.dht11_init
                0x0000000008001c1c       0x98 Core/Src/sensors_sources/dht11.o
                0x0000000008001c1c                dht11_init
 .text.dht11_response
                0x0000000008001cb4       0xa6 Core/Src/sensors_sources/dht11.o
                0x0000000008001cb4                dht11_response
 .text.dht11_read
                0x0000000008001d5a       0xd4 Core/Src/sensors_sources/dht11.o
                0x0000000008001d5a                dht11_read
 .text.dht11_run
                0x0000000008001e2e      0x1ae Core/Src/sensors_sources/dht11.o
                0x0000000008001e2e                dht11_run
 .text.Reset_Handler
                0x0000000008001fdc       0x50 Core/Startup/startup_stm32h755zitx.o
                0x0000000008001fdc                Reset_Handler
 .text.Default_Handler
                0x000000000800202c        0x2 Core/Startup/startup_stm32h755zitx.o
                0x000000000800202c                DMA1_Stream3_IRQHandler
                0x000000000800202c                HASH_RNG_IRQHandler
                0x000000000800202c                EXTI2_IRQHandler
                0x000000000800202c                TIM8_CC_IRQHandler
                0x000000000800202c                HRTIM1_Master_IRQHandler
                0x000000000800202c                UART8_IRQHandler
                0x000000000800202c                SPI4_IRQHandler
                0x000000000800202c                TIM1_CC_IRQHandler
                0x000000000800202c                BDMA_Channel6_IRQHandler
                0x000000000800202c                DMA2_Stream5_IRQHandler
                0x000000000800202c                HRTIM1_FLT_IRQHandler
                0x000000000800202c                JPEG_IRQHandler
                0x000000000800202c                DMA1_Stream5_IRQHandler
                0x000000000800202c                BDMA_Channel1_IRQHandler
                0x000000000800202c                HRTIM1_TIMD_IRQHandler
                0x000000000800202c                TAMP_STAMP_IRQHandler
                0x000000000800202c                EXTI3_IRQHandler
                0x000000000800202c                LPTIM4_IRQHandler
                0x000000000800202c                TIM8_TRG_COM_TIM14_IRQHandler
                0x000000000800202c                LPTIM2_IRQHandler
                0x000000000800202c                DFSDM1_FLT1_IRQHandler
                0x000000000800202c                DMAMUX2_OVR_IRQHandler
                0x000000000800202c                TIM8_UP_TIM13_IRQHandler
                0x000000000800202c                I2C3_ER_IRQHandler
                0x000000000800202c                DFSDM1_FLT2_IRQHandler
                0x000000000800202c                MDMA_IRQHandler
                0x000000000800202c                LPTIM3_IRQHandler
                0x000000000800202c                HSEM1_IRQHandler
                0x000000000800202c                EXTI0_IRQHandler
                0x000000000800202c                I2C2_EV_IRQHandler
                0x000000000800202c                DMA1_Stream2_IRQHandler
                0x000000000800202c                FPU_IRQHandler
                0x000000000800202c                OTG_HS_WKUP_IRQHandler
                0x000000000800202c                FDCAN1_IT1_IRQHandler
                0x000000000800202c                LTDC_ER_IRQHandler
                0x000000000800202c                DMA2_Stream2_IRQHandler
                0x000000000800202c                HRTIM1_TIME_IRQHandler
                0x000000000800202c                SPI1_IRQHandler
                0x000000000800202c                TIM6_DAC_IRQHandler
                0x000000000800202c                DCMI_IRQHandler
                0x000000000800202c                HRTIM1_TIMC_IRQHandler
                0x000000000800202c                DMA2_Stream3_IRQHandler
                0x000000000800202c                SAI2_IRQHandler
                0x000000000800202c                DFSDM1_FLT3_IRQHandler
                0x000000000800202c                USART6_IRQHandler
                0x000000000800202c                TIM17_IRQHandler
                0x000000000800202c                USART3_IRQHandler
                0x000000000800202c                BDMA_Channel7_IRQHandler
                0x000000000800202c                CRYP_IRQHandler
                0x000000000800202c                LPTIM5_IRQHandler
                0x000000000800202c                UART5_IRQHandler
                0x000000000800202c                ADC3_IRQHandler
                0x000000000800202c                DMA2_Stream0_IRQHandler
                0x000000000800202c                TIM4_IRQHandler
                0x000000000800202c                BDMA_Channel2_IRQHandler
                0x000000000800202c                QUADSPI_IRQHandler
                0x000000000800202c                I2C1_EV_IRQHandler
                0x000000000800202c                DMA1_Stream6_IRQHandler
                0x000000000800202c                DMAMUX1_OVR_IRQHandler
                0x000000000800202c                DMA1_Stream1_IRQHandler
                0x000000000800202c                TIM16_IRQHandler
                0x000000000800202c                UART4_IRQHandler
                0x000000000800202c                BDMA_Channel5_IRQHandler
                0x000000000800202c                TIM3_IRQHandler
                0x000000000800202c                RCC_IRQHandler
                0x000000000800202c                TIM8_BRK_TIM12_IRQHandler
                0x000000000800202c                TIM1_TRG_COM_IRQHandler
                0x000000000800202c                Default_Handler
                0x000000000800202c                ECC_IRQHandler
                0x000000000800202c                CEC_IRQHandler
                0x000000000800202c                EXTI15_10_IRQHandler
                0x000000000800202c                BDMA_Channel0_IRQHandler
                0x000000000800202c                ADC_IRQHandler
                0x000000000800202c                DMA1_Stream7_IRQHandler
                0x000000000800202c                HRTIM1_TIMA_IRQHandler
                0x000000000800202c                SPI5_IRQHandler
                0x000000000800202c                TIM7_IRQHandler
                0x000000000800202c                SDMMC1_IRQHandler
                0x000000000800202c                TIM5_IRQHandler
                0x000000000800202c                DMA2_Stream7_IRQHandler
                0x000000000800202c                TIM15_IRQHandler
                0x000000000800202c                PVD_AVD_IRQHandler
                0x000000000800202c                I2C3_EV_IRQHandler
                0x000000000800202c                EXTI9_5_IRQHandler
                0x000000000800202c                RTC_WKUP_IRQHandler
                0x000000000800202c                LTDC_IRQHandler
                0x000000000800202c                SAI3_IRQHandler
                0x000000000800202c                ETH_WKUP_IRQHandler
                0x000000000800202c                SPDIF_RX_IRQHandler
                0x000000000800202c                SPI2_IRQHandler
                0x000000000800202c                OTG_HS_EP1_IN_IRQHandler
                0x000000000800202c                DMA1_Stream0_IRQHandler
                0x000000000800202c                CRS_IRQHandler
                0x000000000800202c                CM7_SEV_IRQHandler
                0x000000000800202c                EXTI4_IRQHandler
                0x000000000800202c                CM4_SEV_IRQHandler
                0x000000000800202c                HRTIM1_TIMB_IRQHandler
                0x000000000800202c                FDCAN2_IT1_IRQHandler
                0x000000000800202c                ETH_IRQHandler
                0x000000000800202c                TIM1_UP_IRQHandler
                0x000000000800202c                WWDG_RST_IRQHandler
                0x000000000800202c                BDMA_Channel4_IRQHandler
                0x000000000800202c                OTG_HS_EP1_OUT_IRQHandler
                0x000000000800202c                WWDG_IRQHandler
                0x000000000800202c                SPI6_IRQHandler
                0x000000000800202c                MDIOS_IRQHandler
                0x000000000800202c                I2C4_EV_IRQHandler
                0x000000000800202c                FDCAN2_IT0_IRQHandler
                0x000000000800202c                LPUART1_IRQHandler
                0x000000000800202c                FDCAN1_IT0_IRQHandler
                0x000000000800202c                TIM2_IRQHandler
                0x000000000800202c                OTG_FS_WKUP_IRQHandler
                0x000000000800202c                OTG_HS_IRQHandler
                0x000000000800202c                HSEM2_IRQHandler
                0x000000000800202c                DMA2D_IRQHandler
                0x000000000800202c                TIM1_BRK_IRQHandler
                0x000000000800202c                EXTI1_IRQHandler
                0x000000000800202c                SDMMC2_IRQHandler
                0x000000000800202c                OTG_FS_EP1_OUT_IRQHandler
                0x000000000800202c                BDMA_Channel3_IRQHandler
                0x000000000800202c                HOLD_CORE_IRQHandler
                0x000000000800202c                UART7_IRQHandler
                0x000000000800202c                MDIOS_WKUP_IRQHandler
                0x000000000800202c                USART2_IRQHandler
                0x000000000800202c                DFSDM1_FLT0_IRQHandler
                0x000000000800202c                SAI4_IRQHandler
                0x000000000800202c                I2C2_ER_IRQHandler
                0x000000000800202c                DMA2_Stream1_IRQHandler
                0x000000000800202c                FLASH_IRQHandler
                0x000000000800202c                DMA2_Stream4_IRQHandler
                0x000000000800202c                USART1_IRQHandler
                0x000000000800202c                OTG_FS_IRQHandler
                0x000000000800202c                SPI3_IRQHandler
                0x000000000800202c                WAKEUP_PIN_IRQHandler
                0x000000000800202c                DMA1_Stream4_IRQHandler
                0x000000000800202c                OTG_FS_EP1_IN_IRQHandler
                0x000000000800202c                I2C1_ER_IRQHandler
                0x000000000800202c                FMC_IRQHandler
                0x000000000800202c                FDCAN_CAL_IRQHandler
                0x000000000800202c                SWPMI1_IRQHandler
                0x000000000800202c                COMP1_IRQHandler
                0x000000000800202c                LPTIM1_IRQHandler
                0x000000000800202c                I2C4_ER_IRQHandler
                0x000000000800202c                DMA2_Stream6_IRQHandler
                0x000000000800202c                SAI1_IRQHandler
                0x000000000800202c                RTC_Alarm_IRQHandler
 *fill*         0x000000000800202e        0x2 
 .text.HAL_Init
                0x0000000008002030       0x78 Drivers/STM32H7xx_HAL_Driver/stm32h7xx_hal.o
                0x0000000008002030                HAL_Init
 .text.HAL_InitTick
                0x00000000080020a8       0x6c Drivers/STM32H7xx_HAL_Driver/stm32h7xx_hal.o
                0x00000000080020a8                HAL_InitTick
 .text.HAL_IncTick
                0x0000000008002114       0x28 Drivers/STM32H7xx_HAL_Driver/stm32h7xx_hal.o
                0x0000000008002114                HAL_IncTick
 .text.HAL_GetTick
                0x000000000800213c       0x18 Drivers/STM32H7xx_HAL_Driver/stm32h7xx_hal.o
                0x000000000800213c                HAL_GetTick
 .text.HAL_Delay
                0x0000000008002154       0x44 Drivers/STM32H7xx_HAL_Driver/stm32h7xx_hal.o
                0x0000000008002154                HAL_Delay
 .text.HAL_GetREVID
                0x0000000008002198       0x18 Drivers/STM32H7xx_HAL_Driver/stm32h7xx_hal.o
                0x0000000008002198                HAL_GetREVID
 .text.LL_ADC_SetCommonClock
                0x00000000080021b0       0x26 Drivers/STM32H7xx_HAL_Driver/stm32h7xx_hal_adc.o
 .text.LL_ADC_SetCommonPathInternalCh
                0x00000000080021d6       0x26 Drivers/STM32H7xx_HAL_Driver/stm32h7xx_hal_adc.o
 .text.LL_ADC_GetCommonPathInternalCh
                0x00000000080021fc       0x1c Drivers/STM32H7xx_HAL_Driver/stm32h7xx_hal_adc.o
 .text.LL_ADC_SetOffset
                0x0000000008002218       0x40 Drivers/STM32H7xx_HAL_Driver/stm32h7xx_hal_adc.o
 .text.LL_ADC_SetDataRightShift
                0x0000000008002258       0x32 Drivers/STM32H7xx_HAL_Driver/stm32h7xx_hal_adc.o
 .text.LL_ADC_SetOffsetSignedSaturation
                0x000000000800228a       0x36 Drivers/STM32H7xx_HAL_Driver/stm32h7xx_hal_adc.o
 .text.LL_ADC_REG_IsTriggerSourceSWStart
                0x00000000080022c0       0x26 Drivers/STM32H7xx_HAL_Driver/stm32h7xx_hal_adc.o
 .text.LL_ADC_REG_SetSequencerRanks
                0x00000000080022e6       0x58 Drivers/STM32H7xx_HAL_Driver/stm32h7xx_hal_adc.o
 .text.LL_ADC_SetChannelSamplingTime
                0x000000000800233e       0x56 Drivers/STM32H7xx_HAL_Driver/stm32h7xx_hal_adc.o
 .text.LL_ADC_SetChannelSingleDiff
                0x0000000008002394       0x48 Drivers/STM32H7xx_HAL_Driver/stm32h7xx_hal_adc.o
 .text.LL_ADC_GetMultimode
                0x00000000080023dc       0x1c Drivers/STM32H7xx_HAL_Driver/stm32h7xx_hal_adc.o
 .text.LL_ADC_GetMultiDMATransfer
                0x00000000080023f8       0x1c Drivers/STM32H7xx_HAL_Driver/stm32h7xx_hal_adc.o
 .text.LL_ADC_DisableDeepPowerDown
                0x0000000008002414       0x24 Drivers/STM32H7xx_HAL_Driver/stm32h7xx_hal_adc.o
 .text.LL_ADC_IsDeepPowerDownEnabled
                0x0000000008002438       0x28 Drivers/STM32H7xx_HAL_Driver/stm32h7xx_hal_adc.o
 .text.LL_ADC_EnableInternalRegulator
                0x0000000008002460       0x28 Drivers/STM32H7xx_HAL_Driver/stm32h7xx_hal_adc.o
 .text.LL_ADC_IsInternalRegulatorEnabled
                0x0000000008002488       0x28 Drivers/STM32H7xx_HAL_Driver/stm32h7xx_hal_adc.o
 .text.LL_ADC_Enable
                0x00000000080024b0       0x28 Drivers/STM32H7xx_HAL_Driver/stm32h7xx_hal_adc.o
 .text.LL_ADC_IsEnabled
                0x00000000080024d8       0x26 Drivers/STM32H7xx_HAL_Driver/stm32h7xx_hal_adc.o
 *fill*         0x00000000080024fe        0x2 
 .text.LL_ADC_REG_StartConversion
                0x0000000008002500       0x28 Drivers/STM32H7xx_HAL_Driver/stm32h7xx_hal_adc.o
 .text.LL_ADC_REG_IsConversionOngoing
                0x0000000008002528       0x26 Drivers/STM32H7xx_HAL_Driver/stm32h7xx_hal_adc.o
 .text.LL_ADC_INJ_IsConversionOngoing
                0x000000000800254e       0x26 Drivers/STM32H7xx_HAL_Driver/stm32h7xx_hal_adc.o
 .text.HAL_ADC_Init
                0x0000000008002574      0x340 Drivers/STM32H7xx_HAL_Driver/stm32h7xx_hal_adc.o
                0x0000000008002574                HAL_ADC_Init
 .text.HAL_ADC_Start
                0x00000000080028b4      0x194 Drivers/STM32H7xx_HAL_Driver/stm32h7xx_hal_adc.o
                0x00000000080028b4                HAL_ADC_Start
 .text.HAL_ADC_PollForConversion
                0x0000000008002a48      0x1d8 Drivers/STM32H7xx_HAL_Driver/stm32h7xx_hal_adc.o
                0x0000000008002a48                HAL_ADC_PollForConversion
 .text.HAL_ADC_GetValue
                0x0000000008002c20       0x1a Drivers/STM32H7xx_HAL_Driver/stm32h7xx_hal_adc.o
                0x0000000008002c20                HAL_ADC_GetValue
 *fill*         0x0000000008002c3a        0x2 
 .text.HAL_ADC_ConfigChannel
                0x0000000008002c3c      0x628 Drivers/STM32H7xx_HAL_Driver/stm32h7xx_hal_adc.o
                0x0000000008002c3c                HAL_ADC_ConfigChannel
 .text.ADC_Enable
                0x0000000008003264      0x108 Drivers/STM32H7xx_HAL_Driver/stm32h7xx_hal_adc.o
                0x0000000008003264                ADC_Enable
 .text.ADC_ConfigureBoostMode
                0x000000000800336c      0x1f0 Drivers/STM32H7xx_HAL_Driver/stm32h7xx_hal_adc.o
                0x000000000800336c                ADC_ConfigureBoostMode
 .text.LL_ADC_IsEnabled
                0x000000000800355c       0x26 Drivers/STM32H7xx_HAL_Driver/stm32h7xx_hal_adc_ex.o
 .text.LL_ADC_REG_IsConversionOngoing
                0x0000000008003582       0x26 Drivers/STM32H7xx_HAL_Driver/stm32h7xx_hal_adc_ex.o
 .text.HAL_ADCEx_MultiModeConfigChannel
                0x00000000080035a8      0x1b4 Drivers/STM32H7xx_HAL_Driver/stm32h7xx_hal_adc_ex.o
                0x00000000080035a8                HAL_ADCEx_MultiModeConfigChannel
 .text.__NVIC_SetPriorityGrouping
                0x000000000800375c       0x48 Drivers/STM32H7xx_HAL_Driver/stm32h7xx_hal_cortex.o
 .text.__NVIC_GetPriorityGrouping
                0x00000000080037a4       0x1c Drivers/STM32H7xx_HAL_Driver/stm32h7xx_hal_cortex.o
 .text.__NVIC_SetPriority
                0x00000000080037c0       0x54 Drivers/STM32H7xx_HAL_Driver/stm32h7xx_hal_cortex.o
 .text.NVIC_EncodePriority
                0x0000000008003814       0x66 Drivers/STM32H7xx_HAL_Driver/stm32h7xx_hal_cortex.o
 *fill*         0x000000000800387a        0x2 
 .text.SysTick_Config
                0x000000000800387c       0x44 Drivers/STM32H7xx_HAL_Driver/stm32h7xx_hal_cortex.o
 .text.HAL_NVIC_SetPriorityGrouping
                0x00000000080038c0       0x16 Drivers/STM32H7xx_HAL_Driver/stm32h7xx_hal_cortex.o
                0x00000000080038c0                HAL_NVIC_SetPriorityGrouping
 .text.HAL_NVIC_SetPriority
                0x00000000080038d6       0x34 Drivers/STM32H7xx_HAL_Driver/stm32h7xx_hal_cortex.o
                0x00000000080038d6                HAL_NVIC_SetPriority
 .text.HAL_SYSTICK_Config
                0x000000000800390a       0x18 Drivers/STM32H7xx_HAL_Driver/stm32h7xx_hal_cortex.o
                0x000000000800390a                HAL_SYSTICK_Config
 *fill*         0x0000000008003922        0x2 
 .text.HAL_GPIO_Init
                0x0000000008003924      0x360 Drivers/STM32H7xx_HAL_Driver/stm32h7xx_hal_gpio.o
                0x0000000008003924                HAL_GPIO_Init
 .text.HAL_GPIO_ReadPin
                0x0000000008003c84       0x30 Drivers/STM32H7xx_HAL_Driver/stm32h7xx_hal_gpio.o
                0x0000000008003c84                HAL_GPIO_ReadPin
 .text.HAL_GPIO_WritePin
                0x0000000008003cb4       0x32 Drivers/STM32H7xx_HAL_Driver/stm32h7xx_hal_gpio.o
                0x0000000008003cb4                HAL_GPIO_WritePin
 *fill*         0x0000000008003ce6        0x2 
 .text.HAL_HSEM_FastTake
                0x0000000008003ce8       0x34 Drivers/STM32H7xx_HAL_Driver/stm32h7xx_hal_hsem.o
                0x0000000008003ce8                HAL_HSEM_FastTake
 .text.HAL_HSEM_Release
                0x0000000008003d1c       0x28 Drivers/STM32H7xx_HAL_Driver/stm32h7xx_hal_hsem.o
                0x0000000008003d1c                HAL_HSEM_Release
 .text.HAL_I2C_Init
                0x0000000008003d44      0x120 Drivers/STM32H7xx_HAL_Driver/stm32h7xx_hal_i2c.o
                0x0000000008003d44                HAL_I2C_Init
 .text.HAL_I2CEx_ConfigAnalogFilter
                0x0000000008003e64       0x96 Drivers/STM32H7xx_HAL_Driver/stm32h7xx_hal_i2c_ex.o
                0x0000000008003e64                HAL_I2CEx_ConfigAnalogFilter
 .text.HAL_I2CEx_ConfigDigitalFilter
                0x0000000008003efa       0x98 Drivers/STM32H7xx_HAL_Driver/stm32h7xx_hal_i2c_ex.o
                0x0000000008003efa                HAL_I2CEx_ConfigDigitalFilter
 .text.HAL_PCD_Init
                0x0000000008003f92      0x248 Drivers/STM32H7xx_HAL_Driver/stm32h7xx_hal_pcd.o
                0x0000000008003f92                HAL_PCD_Init
 *fill*         0x00000000080041da        0x2 
 .text.HAL_PCDEx_ActivateLPM
                0x00000000080041dc       0x48 Drivers/STM32H7xx_HAL_Driver/stm32h7xx_hal_pcd_ex.o
                0x00000000080041dc                HAL_PCDEx_ActivateLPM
 .text.HAL_PWREx_ConfigSupply
                0x0000000008004224       0xb4 Drivers/STM32H7xx_HAL_Driver/stm32h7xx_hal_pwr_ex.o
                0x0000000008004224                HAL_PWREx_ConfigSupply
 .text.HAL_PWREx_EnableUSBVoltageDetector
                0x00000000080042d8       0x20 Drivers/STM32H7xx_HAL_Driver/stm32h7xx_hal_pwr_ex.o
                0x00000000080042d8                HAL_PWREx_EnableUSBVoltageDetector
 .text.HAL_RCC_OscConfig
                0x00000000080042f8      0x820 Drivers/STM32H7xx_HAL_Driver/stm32h7xx_hal_rcc.o
                0x00000000080042f8                HAL_RCC_OscConfig
 .text.HAL_RCC_ClockConfig
                0x0000000008004b18      0x36c Drivers/STM32H7xx_HAL_Driver/stm32h7xx_hal_rcc.o
                0x0000000008004b18                HAL_RCC_ClockConfig
 .text.HAL_RCC_GetSysClockFreq
                0x0000000008004e84      0x2e4 Drivers/STM32H7xx_HAL_Driver/stm32h7xx_hal_rcc.o
                0x0000000008004e84                HAL_RCC_GetSysClockFreq
 .text.HAL_RCC_GetHCLKFreq
                0x0000000008005168       0x60 Drivers/STM32H7xx_HAL_Driver/stm32h7xx_hal_rcc.o
                0x0000000008005168                HAL_RCC_GetHCLKFreq
 .text.HAL_RCC_GetPCLK1Freq
                0x00000000080051c8       0x2c Drivers/STM32H7xx_HAL_Driver/stm32h7xx_hal_rcc.o
                0x00000000080051c8                HAL_RCC_GetPCLK1Freq
 .text.HAL_RCC_GetPCLK2Freq
                0x00000000080051f4       0x2c Drivers/STM32H7xx_HAL_Driver/stm32h7xx_hal_rcc.o
                0x00000000080051f4                HAL_RCC_GetPCLK2Freq
 .text.HAL_RCCEx_PeriphCLKConfig
                0x0000000008005220      0xddc Drivers/STM32H7xx_HAL_Driver/stm32h7xx_hal_rcc_ex.o
                0x0000000008005220                HAL_RCCEx_PeriphCLKConfig
 .text.HAL_RCCEx_GetPeriphCLKFreq
                0x0000000008005ffc      0x4f0 Drivers/STM32H7xx_HAL_Driver/stm32h7xx_hal_rcc_ex.o
                0x0000000008005ffc                HAL_RCCEx_GetPeriphCLKFreq
 .text.HAL_RCCEx_GetD3PCLK1Freq
                0x00000000080064ec       0x2c Drivers/STM32H7xx_HAL_Driver/stm32h7xx_hal_rcc_ex.o
                0x00000000080064ec                HAL_RCCEx_GetD3PCLK1Freq
 .text.HAL_RCCEx_GetPLL2ClockFreq
                0x0000000008006518      0x298 Drivers/STM32H7xx_HAL_Driver/stm32h7xx_hal_rcc_ex.o
                0x0000000008006518                HAL_RCCEx_GetPLL2ClockFreq
 .text.HAL_RCCEx_GetPLL3ClockFreq
                0x00000000080067b0      0x298 Drivers/STM32H7xx_HAL_Driver/stm32h7xx_hal_rcc_ex.o
                0x00000000080067b0                HAL_RCCEx_GetPLL3ClockFreq
 .text.HAL_RCCEx_GetPLL1ClockFreq
                0x0000000008006a48      0x298 Drivers/STM32H7xx_HAL_Driver/stm32h7xx_hal_rcc_ex.o
                0x0000000008006a48                HAL_RCCEx_GetPLL1ClockFreq
 .text.RCCEx_PLL2_Config
                0x0000000008006ce0      0x164 Drivers/STM32H7xx_HAL_Driver/stm32h7xx_hal_rcc_ex.o
 .text.RCCEx_PLL3_Config
                0x0000000008006e44      0x164 Drivers/STM32H7xx_HAL_Driver/stm32h7xx_hal_rcc_ex.o
 .text.HAL_TIM_Base_Init
                0x0000000008006fa8       0xae Drivers/STM32H7xx_HAL_Driver/stm32h7xx_hal_tim.o
                0x0000000008006fa8                HAL_TIM_Base_Init
 *fill*         0x0000000008007056        0x2 
 .text.HAL_TIM_Base_Start
                0x0000000008007058       0x5c Drivers/STM32H7xx_HAL_Driver/stm32h7xx_hal_tim.o
                0x0000000008007058                HAL_TIM_Base_Start
 .text.HAL_TIM_PWM_Init
                0x00000000080070b4       0xae Drivers/STM32H7xx_HAL_Driver/stm32h7xx_hal_tim.o
                0x00000000080070b4                HAL_TIM_PWM_Init
 .text.HAL_TIM_PWM_MspInit
                0x0000000008007162       0x14 Drivers/STM32H7xx_HAL_Driver/stm32h7xx_hal_tim.o
                0x0000000008007162                HAL_TIM_PWM_MspInit
 *fill*         0x0000000008007176        0x2 
 .text.HAL_TIM_PWM_ConfigChannel
                0x0000000008007178      0x220 Drivers/STM32H7xx_HAL_Driver/stm32h7xx_hal_tim.o
                0x0000000008007178                HAL_TIM_PWM_ConfigChannel
 .text.HAL_TIM_ConfigClockSource
                0x0000000008007398      0x1a0 Drivers/STM32H7xx_HAL_Driver/stm32h7xx_hal_tim.o
                0x0000000008007398                HAL_TIM_ConfigClockSource
 .text.TIM_Base_SetConfig
                0x0000000008007538      0x134 Drivers/STM32H7xx_HAL_Driver/stm32h7xx_hal_tim.o
                0x0000000008007538                TIM_Base_SetConfig
 .text.TIM_OC1_SetConfig
                0x000000000800766c      0x120 Drivers/STM32H7xx_HAL_Driver/stm32h7xx_hal_tim.o
 .text.TIM_OC2_SetConfig
                0x000000000800778c      0x114 Drivers/STM32H7xx_HAL_Driver/stm32h7xx_hal_tim.o
                0x000000000800778c                TIM_OC2_SetConfig
 .text.TIM_OC3_SetConfig
                0x00000000080078a0      0x10c Drivers/STM32H7xx_HAL_Driver/stm32h7xx_hal_tim.o
 .text.TIM_OC4_SetConfig
                0x00000000080079ac       0xd0 Drivers/STM32H7xx_HAL_Driver/stm32h7xx_hal_tim.o
 .text.TIM_OC5_SetConfig
                0x0000000008007a7c       0xc4 Drivers/STM32H7xx_HAL_Driver/stm32h7xx_hal_tim.o
 .text.TIM_OC6_SetConfig
                0x0000000008007b40       0xc8 Drivers/STM32H7xx_HAL_Driver/stm32h7xx_hal_tim.o
 .text.TIM_TI1_ConfigInputStage
                0x0000000008007c08       0x5e Drivers/STM32H7xx_HAL_Driver/stm32h7xx_hal_tim.o
 .text.TIM_TI2_ConfigInputStage
                0x0000000008007c66       0x60 Drivers/STM32H7xx_HAL_Driver/stm32h7xx_hal_tim.o
 *fill*         0x0000000008007cc6        0x2 
 .text.TIM_ITRx_SetConfig
                0x0000000008007cc8       0x3c Drivers/STM32H7xx_HAL_Driver/stm32h7xx_hal_tim.o
 .text.TIM_ETR_SetConfig
                0x0000000008007d04       0x40 Drivers/STM32H7xx_HAL_Driver/stm32h7xx_hal_tim.o
                0x0000000008007d04                TIM_ETR_SetConfig
 .text.HAL_TIMEx_MasterConfigSynchronization
                0x0000000008007d44      0x110 Drivers/STM32H7xx_HAL_Driver/stm32h7xx_hal_tim_ex.o
                0x0000000008007d44                HAL_TIMEx_MasterConfigSynchronization
 .text.HAL_TIMEx_ConfigBreakDeadTime
                0x0000000008007e54       0xfc Drivers/STM32H7xx_HAL_Driver/stm32h7xx_hal_tim_ex.o
                0x0000000008007e54                HAL_TIMEx_ConfigBreakDeadTime
 .text.HAL_UART_Init
                0x0000000008007f50       0xa0 Drivers/STM32H7xx_HAL_Driver/stm32h7xx_hal_uart.o
                0x0000000008007f50                HAL_UART_Init
 .text.UART_SetConfig
                0x0000000008007ff0      0xb60 Drivers/STM32H7xx_HAL_Driver/stm32h7xx_hal_uart.o
                0x0000000008007ff0                UART_SetConfig
 .text.UART_AdvFeatureConfig
                0x0000000008008b50      0x144 Drivers/STM32H7xx_HAL_Driver/stm32h7xx_hal_uart.o
                0x0000000008008b50                UART_AdvFeatureConfig
 .text.UART_CheckIdleState
                0x0000000008008c94       0x90 Drivers/STM32H7xx_HAL_Driver/stm32h7xx_hal_uart.o
                0x0000000008008c94                UART_CheckIdleState
 .text.UART_WaitOnFlagUntilTimeout
                0x0000000008008d24      0x100 Drivers/STM32H7xx_HAL_Driver/stm32h7xx_hal_uart.o
                0x0000000008008d24                UART_WaitOnFlagUntilTimeout
 .text.HAL_UARTEx_DisableFifoMode
                0x0000000008008e24       0x72 Drivers/STM32H7xx_HAL_Driver/stm32h7xx_hal_uart_ex.o
                0x0000000008008e24                HAL_UARTEx_DisableFifoMode
 .text.HAL_UARTEx_SetTxFifoThreshold
                0x0000000008008e96       0x7c Drivers/STM32H7xx_HAL_Driver/stm32h7xx_hal_uart_ex.o
                0x0000000008008e96                HAL_UARTEx_SetTxFifoThreshold
 .text.HAL_UARTEx_SetRxFifoThreshold
                0x0000000008008f12       0x7c Drivers/STM32H7xx_HAL_Driver/stm32h7xx_hal_uart_ex.o
                0x0000000008008f12                HAL_UARTEx_SetRxFifoThreshold
 *fill*         0x0000000008008f8e        0x2 
 .text.UARTEx_SetNbDataToProcess
                0x0000000008008f90       0xd0 Drivers/STM32H7xx_HAL_Driver/stm32h7xx_hal_uart_ex.o
 .text.USB_CoreInit
                0x0000000008009060       0xc4 Drivers/STM32H7xx_HAL_Driver/stm32h7xx_ll_usb.o
                0x0000000008009060                USB_CoreInit
 .text.USB_DisableGlobalInt
                0x0000000008009124       0x22 Drivers/STM32H7xx_HAL_Driver/stm32h7xx_ll_usb.o
                0x0000000008009124                USB_DisableGlobalInt
 .text.USB_SetCurrentMode
                0x0000000008009146       0x54 Drivers/STM32H7xx_HAL_Driver/stm32h7xx_ll_usb.o
                0x0000000008009146                USB_SetCurrentMode
 *fill*         0x000000000800919a        0x2 
 .text.USB_DevInit
                0x000000000800919c      0x2bc Drivers/STM32H7xx_HAL_Driver/stm32h7xx_ll_usb.o
                0x000000000800919c                USB_DevInit
 .text.USB_FlushTxFifo
                0x0000000008009458       0x4c Drivers/STM32H7xx_HAL_Driver/stm32h7xx_ll_usb.o
                0x0000000008009458                USB_FlushTxFifo
 .text.USB_FlushRxFifo
                0x00000000080094a4       0x44 Drivers/STM32H7xx_HAL_Driver/stm32h7xx_ll_usb.o
                0x00000000080094a4                USB_FlushRxFifo
 .text.USB_SetDevSpeed
                0x00000000080094e8       0x32 Drivers/STM32H7xx_HAL_Driver/stm32h7xx_ll_usb.o
                0x00000000080094e8                USB_SetDevSpeed
 .text.USB_DevDisconnect
                0x000000000800951a       0x30 Drivers/STM32H7xx_HAL_Driver/stm32h7xx_ll_usb.o
                0x000000000800951a                USB_DevDisconnect
 *fill*         0x000000000800954a        0x2 
 .text.USB_CoreReset
                0x000000000800954c       0x68 Drivers/STM32H7xx_HAL_Driver/stm32h7xx_ll_usb.o
 .text.__errno  0x00000000080095b4        0xc /Applications/STM32CubeIDE.app/Contents/Eclipse/plugins/com.st.stm32cube.ide.mcu.externaltools.gnu-tools-for-stm32.7-2018-q2-update.macos64_1.4.0.202007081208/tools/bin/../lib/gcc/arm-none-eabi/7.3.1/../../../../arm-none-eabi/lib/thumb/v7e-m/fpv5/hard/libc_nano.a(lib_a-errno.o)
                0x00000000080095b4                __errno
 .text.__libc_init_array
                0x00000000080095c0       0x48 /Applications/STM32CubeIDE.app/Contents/Eclipse/plugins/com.st.stm32cube.ide.mcu.externaltools.gnu-tools-for-stm32.7-2018-q2-update.macos64_1.4.0.202007081208/tools/bin/../lib/gcc/arm-none-eabi/7.3.1/../../../../arm-none-eabi/lib/thumb/v7e-m/fpv5/hard/libc_nano.a(lib_a-init.o)
                0x00000000080095c0                __libc_init_array
 .text.memset   0x0000000008009608       0x10 /Applications/STM32CubeIDE.app/Contents/Eclipse/plugins/com.st.stm32cube.ide.mcu.externaltools.gnu-tools-for-stm32.7-2018-q2-update.macos64_1.4.0.202007081208/tools/bin/../lib/gcc/arm-none-eabi/7.3.1/../../../../arm-none-eabi/lib/thumb/v7e-m/fpv5/hard/libc_nano.a(lib_a-memset.o)
                0x0000000008009608                memset
 .text._free_r  0x0000000008009618       0x9c /Applications/STM32CubeIDE.app/Contents/Eclipse/plugins/com.st.stm32cube.ide.mcu.externaltools.gnu-tools-for-stm32.7-2018-q2-update.macos64_1.4.0.202007081208/tools/bin/../lib/gcc/arm-none-eabi/7.3.1/../../../../arm-none-eabi/lib/thumb/v7e-m/fpv5/hard/libc_nano.a(lib_a-nano-freer.o)
                0x0000000008009618                _free_r
 .text._malloc_r
                0x00000000080096b4       0xb4 /Applications/STM32CubeIDE.app/Contents/Eclipse/plugins/com.st.stm32cube.ide.mcu.externaltools.gnu-tools-for-stm32.7-2018-q2-update.macos64_1.4.0.202007081208/tools/bin/../lib/gcc/arm-none-eabi/7.3.1/../../../../arm-none-eabi/lib/thumb/v7e-m/fpv5/hard/libc_nano.a(lib_a-nano-mallocr.o)
                0x00000000080096b4                _malloc_r
 .text.printf   0x0000000008009768       0x30 /Applications/STM32CubeIDE.app/Contents/Eclipse/plugins/com.st.stm32cube.ide.mcu.externaltools.gnu-tools-for-stm32.7-2018-q2-update.macos64_1.4.0.202007081208/tools/bin/../lib/gcc/arm-none-eabi/7.3.1/../../../../arm-none-eabi/lib/thumb/v7e-m/fpv5/hard/libc_nano.a(lib_a-printf.o)
                0x0000000008009768                printf
                0x0000000008009768                iprintf
 .text._sbrk_r  0x0000000008009798       0x20 /Applications/STM32CubeIDE.app/Contents/Eclipse/plugins/com.st.stm32cube.ide.mcu.externaltools.gnu-tools-for-stm32.7-2018-q2-update.macos64_1.4.0.202007081208/tools/bin/../lib/gcc/arm-none-eabi/7.3.1/../../../../arm-none-eabi/lib/thumb/v7e-m/fpv5/hard/libc_nano.a(lib_a-sbrkr.o)
                0x0000000008009798                _sbrk_r
 .text.sprintf  0x00000000080097b8       0x40 /Applications/STM32CubeIDE.app/Contents/Eclipse/plugins/com.st.stm32cube.ide.mcu.externaltools.gnu-tools-for-stm32.7-2018-q2-update.macos64_1.4.0.202007081208/tools/bin/../lib/gcc/arm-none-eabi/7.3.1/../../../../arm-none-eabi/lib/thumb/v7e-m/fpv5/hard/libc_nano.a(lib_a-sprintf.o)
                0x00000000080097b8                sprintf
                0x00000000080097b8                siprintf
 .text.std      0x00000000080097f8       0x48 /Applications/STM32CubeIDE.app/Contents/Eclipse/plugins/com.st.stm32cube.ide.mcu.externaltools.gnu-tools-for-stm32.7-2018-q2-update.macos64_1.4.0.202007081208/tools/bin/../lib/gcc/arm-none-eabi/7.3.1/../../../../arm-none-eabi/lib/thumb/v7e-m/fpv5/hard/libc_nano.a(lib_a-findfp.o)
 .text._cleanup_r
                0x0000000008009840        0xc /Applications/STM32CubeIDE.app/Contents/Eclipse/plugins/com.st.stm32cube.ide.mcu.externaltools.gnu-tools-for-stm32.7-2018-q2-update.macos64_1.4.0.202007081208/tools/bin/../lib/gcc/arm-none-eabi/7.3.1/../../../../arm-none-eabi/lib/thumb/v7e-m/fpv5/hard/libc_nano.a(lib_a-findfp.o)
                0x0000000008009840                _cleanup_r
 .text.__sfmoreglue
                0x000000000800984c       0x2c /Applications/STM32CubeIDE.app/Contents/Eclipse/plugins/com.st.stm32cube.ide.mcu.externaltools.gnu-tools-for-stm32.7-2018-q2-update.macos64_1.4.0.202007081208/tools/bin/../lib/gcc/arm-none-eabi/7.3.1/../../../../arm-none-eabi/lib/thumb/v7e-m/fpv5/hard/libc_nano.a(lib_a-findfp.o)
                0x000000000800984c                __sfmoreglue
 .text.__sinit  0x0000000008009878       0x60 /Applications/STM32CubeIDE.app/Contents/Eclipse/plugins/com.st.stm32cube.ide.mcu.externaltools.gnu-tools-for-stm32.7-2018-q2-update.macos64_1.4.0.202007081208/tools/bin/../lib/gcc/arm-none-eabi/7.3.1/../../../../arm-none-eabi/lib/thumb/v7e-m/fpv5/hard/libc_nano.a(lib_a-findfp.o)
                0x0000000008009878                __sinit
 .text.__sfp    0x00000000080098d8       0x78 /Applications/STM32CubeIDE.app/Contents/Eclipse/plugins/com.st.stm32cube.ide.mcu.externaltools.gnu-tools-for-stm32.7-2018-q2-update.macos64_1.4.0.202007081208/tools/bin/../lib/gcc/arm-none-eabi/7.3.1/../../../../arm-none-eabi/lib/thumb/v7e-m/fpv5/hard/libc_nano.a(lib_a-findfp.o)
                0x00000000080098d8                __sfp
 .text._fwalk_reent
                0x0000000008009950       0x3c /Applications/STM32CubeIDE.app/Contents/Eclipse/plugins/com.st.stm32cube.ide.mcu.externaltools.gnu-tools-for-stm32.7-2018-q2-update.macos64_1.4.0.202007081208/tools/bin/../lib/gcc/arm-none-eabi/7.3.1/../../../../arm-none-eabi/lib/thumb/v7e-m/fpv5/hard/libc_nano.a(lib_a-fwalk.o)
                0x0000000008009950                _fwalk_reent
 .text.__malloc_lock
                0x000000000800998c        0x2 /Applications/STM32CubeIDE.app/Contents/Eclipse/plugins/com.st.stm32cube.ide.mcu.externaltools.gnu-tools-for-stm32.7-2018-q2-update.macos64_1.4.0.202007081208/tools/bin/../lib/gcc/arm-none-eabi/7.3.1/../../../../arm-none-eabi/lib/thumb/v7e-m/fpv5/hard/libc_nano.a(lib_a-mlock.o)
                0x000000000800998c                __malloc_lock
 .text.__malloc_unlock
                0x000000000800998e        0x2 /Applications/STM32CubeIDE.app/Contents/Eclipse/plugins/com.st.stm32cube.ide.mcu.externaltools.gnu-tools-for-stm32.7-2018-q2-update.macos64_1.4.0.202007081208/tools/bin/../lib/gcc/arm-none-eabi/7.3.1/../../../../arm-none-eabi/lib/thumb/v7e-m/fpv5/hard/libc_nano.a(lib_a-mlock.o)
                0x000000000800998e                __malloc_unlock
 .text._realloc_r
                0x0000000008009990       0x4c /Applications/STM32CubeIDE.app/Contents/Eclipse/plugins/com.st.stm32cube.ide.mcu.externaltools.gnu-tools-for-stm32.7-2018-q2-update.macos64_1.4.0.202007081208/tools/bin/../lib/gcc/arm-none-eabi/7.3.1/../../../../arm-none-eabi/lib/thumb/v7e-m/fpv5/hard/libc_nano.a(lib_a-nano-reallocr.o)
                0x0000000008009990                _realloc_r
 .text.__ssputs_r
                0x00000000080099dc       0xb4 /Applications/STM32CubeIDE.app/Contents/Eclipse/plugins/com.st.stm32cube.ide.mcu.externaltools.gnu-tools-for-stm32.7-2018-q2-update.macos64_1.4.0.202007081208/tools/bin/../lib/gcc/arm-none-eabi/7.3.1/../../../../arm-none-eabi/lib/thumb/v7e-m/fpv5/hard/libc_nano.a(lib_a-nano-svfprintf.o)
                0x00000000080099dc                __ssputs_r
 .text._svfprintf_r
                0x0000000008009a90      0x1f0 /Applications/STM32CubeIDE.app/Contents/Eclipse/plugins/com.st.stm32cube.ide.mcu.externaltools.gnu-tools-for-stm32.7-2018-q2-update.macos64_1.4.0.202007081208/tools/bin/../lib/gcc/arm-none-eabi/7.3.1/../../../../arm-none-eabi/lib/thumb/v7e-m/fpv5/hard/libc_nano.a(lib_a-nano-svfprintf.o)
                0x0000000008009a90                _svfprintf_r
                0x0000000008009a90                _svfiprintf_r
 .text.__sfputc_r
                0x0000000008009c80       0x2e /Applications/STM32CubeIDE.app/Contents/Eclipse/plugins/com.st.stm32cube.ide.mcu.externaltools.gnu-tools-for-stm32.7-2018-q2-update.macos64_1.4.0.202007081208/tools/bin/../lib/gcc/arm-none-eabi/7.3.1/../../../../arm-none-eabi/lib/thumb/v7e-m/fpv5/hard/libc_nano.a(lib_a-nano-vfprintf.o)
 .text.__sfputs_r
                0x0000000008009cae       0x24 /Applications/STM32CubeIDE.app/Contents/Eclipse/plugins/com.st.stm32cube.ide.mcu.externaltools.gnu-tools-for-stm32.7-2018-q2-update.macos64_1.4.0.202007081208/tools/bin/../lib/gcc/arm-none-eabi/7.3.1/../../../../arm-none-eabi/lib/thumb/v7e-m/fpv5/hard/libc_nano.a(lib_a-nano-vfprintf.o)
                0x0000000008009cae                __sfputs_r
 *fill*         0x0000000008009cd2        0x2 
 .text._vfprintf_r
                0x0000000008009cd4      0x22c /Applications/STM32CubeIDE.app/Contents/Eclipse/plugins/com.st.stm32cube.ide.mcu.externaltools.gnu-tools-for-stm32.7-2018-q2-update.macos64_1.4.0.202007081208/tools/bin/../lib/gcc/arm-none-eabi/7.3.1/../../../../arm-none-eabi/lib/thumb/v7e-m/fpv5/hard/libc_nano.a(lib_a-nano-vfprintf.o)
                0x0000000008009cd4                _vfiprintf_r
                0x0000000008009cd4                _vfprintf_r
 .text._printf_common
                0x0000000008009f00       0xea /Applications/STM32CubeIDE.app/Contents/Eclipse/plugins/com.st.stm32cube.ide.mcu.externaltools.gnu-tools-for-stm32.7-2018-q2-update.macos64_1.4.0.202007081208/tools/bin/../lib/gcc/arm-none-eabi/7.3.1/../../../../arm-none-eabi/lib/thumb/v7e-m/fpv5/hard/libc_nano.a(lib_a-nano-vfprintf_i.o)
                0x0000000008009f00                _printf_common
 *fill*         0x0000000008009fea        0x2 
 .text._printf_i
                0x0000000008009fec      0x224 /Applications/STM32CubeIDE.app/Contents/Eclipse/plugins/com.st.stm32cube.ide.mcu.externaltools.gnu-tools-for-stm32.7-2018-q2-update.macos64_1.4.0.202007081208/tools/bin/../lib/gcc/arm-none-eabi/7.3.1/../../../../arm-none-eabi/lib/thumb/v7e-m/fpv5/hard/libc_nano.a(lib_a-nano-vfprintf_i.o)
                0x0000000008009fec                _printf_i
 .text.__sread  0x000000000800a210       0x22 /Applications/STM32CubeIDE.app/Contents/Eclipse/plugins/com.st.stm32cube.ide.mcu.externaltools.gnu-tools-for-stm32.7-2018-q2-update.macos64_1.4.0.202007081208/tools/bin/../lib/gcc/arm-none-eabi/7.3.1/../../../../arm-none-eabi/lib/thumb/v7e-m/fpv5/hard/libc_nano.a(lib_a-stdio.o)
                0x000000000800a210                __sread
 .text.__swrite
                0x000000000800a232       0x38 /Applications/STM32CubeIDE.app/Contents/Eclipse/plugins/com.st.stm32cube.ide.mcu.externaltools.gnu-tools-for-stm32.7-2018-q2-update.macos64_1.4.0.202007081208/tools/bin/../lib/gcc/arm-none-eabi/7.3.1/../../../../arm-none-eabi/lib/thumb/v7e-m/fpv5/hard/libc_nano.a(lib_a-stdio.o)
                0x000000000800a232                __swrite
 .text.__sseek  0x000000000800a26a       0x24 /Applications/STM32CubeIDE.app/Contents/Eclipse/plugins/com.st.stm32cube.ide.mcu.externaltools.gnu-tools-for-stm32.7-2018-q2-update.macos64_1.4.0.202007081208/tools/bin/../lib/gcc/arm-none-eabi/7.3.1/../../../../arm-none-eabi/lib/thumb/v7e-m/fpv5/hard/libc_nano.a(lib_a-stdio.o)
                0x000000000800a26a                __sseek
 .text.__sclose
                0x000000000800a28e        0x8 /Applications/STM32CubeIDE.app/Contents/Eclipse/plugins/com.st.stm32cube.ide.mcu.externaltools.gnu-tools-for-stm32.7-2018-q2-update.macos64_1.4.0.202007081208/tools/bin/../lib/gcc/arm-none-eabi/7.3.1/../../../../arm-none-eabi/lib/thumb/v7e-m/fpv5/hard/libc_nano.a(lib_a-stdio.o)
                0x000000000800a28e                __sclose
 *fill*         0x000000000800a296        0x2 
 .text.__swbuf_r
                0x000000000800a298       0xa4 /Applications/STM32CubeIDE.app/Contents/Eclipse/plugins/com.st.stm32cube.ide.mcu.externaltools.gnu-tools-for-stm32.7-2018-q2-update.macos64_1.4.0.202007081208/tools/bin/../lib/gcc/arm-none-eabi/7.3.1/../../../../arm-none-eabi/lib/thumb/v7e-m/fpv5/hard/libc_nano.a(lib_a-wbuf.o)
                0x000000000800a298                __swbuf_r
 .text._write_r
                0x000000000800a33c       0x24 /Applications/STM32CubeIDE.app/Contents/Eclipse/plugins/com.st.stm32cube.ide.mcu.externaltools.gnu-tools-for-stm32.7-2018-q2-update.macos64_1.4.0.202007081208/tools/bin/../lib/gcc/arm-none-eabi/7.3.1/../../../../arm-none-eabi/lib/thumb/v7e-m/fpv5/hard/libc_nano.a(lib_a-writer.o)
                0x000000000800a33c                _write_r
 .text.__swsetup_r
                0x000000000800a360       0xdc /Applications/STM32CubeIDE.app/Contents/Eclipse/plugins/com.st.stm32cube.ide.mcu.externaltools.gnu-tools-for-stm32.7-2018-q2-update.macos64_1.4.0.202007081208/tools/bin/../lib/gcc/arm-none-eabi/7.3.1/../../../../arm-none-eabi/lib/thumb/v7e-m/fpv5/hard/libc_nano.a(lib_a-wsetup.o)
                0x000000000800a360                __swsetup_r
 .text._close_r
                0x000000000800a43c       0x20 /Applications/STM32CubeIDE.app/Contents/Eclipse/plugins/com.st.stm32cube.ide.mcu.externaltools.gnu-tools-for-stm32.7-2018-q2-update.macos64_1.4.0.202007081208/tools/bin/../lib/gcc/arm-none-eabi/7.3.1/../../../../arm-none-eabi/lib/thumb/v7e-m/fpv5/hard/libc_nano.a(lib_a-closer.o)
                0x000000000800a43c                _close_r
 .text.__sflush_r
                0x000000000800a45c      0x10c /Applications/STM32CubeIDE.app/Contents/Eclipse/plugins/com.st.stm32cube.ide.mcu.externaltools.gnu-tools-for-stm32.7-2018-q2-update.macos64_1.4.0.202007081208/tools/bin/../lib/gcc/arm-none-eabi/7.3.1/../../../../arm-none-eabi/lib/thumb/v7e-m/fpv5/hard/libc_nano.a(lib_a-fflush.o)
                0x000000000800a45c                __sflush_r
 .text._fflush_r
                0x000000000800a568       0x54 /Applications/STM32CubeIDE.app/Contents/Eclipse/plugins/com.st.stm32cube.ide.mcu.externaltools.gnu-tools-for-stm32.7-2018-q2-update.macos64_1.4.0.202007081208/tools/bin/../lib/gcc/arm-none-eabi/7.3.1/../../../../arm-none-eabi/lib/thumb/v7e-m/fpv5/hard/libc_nano.a(lib_a-fflush.o)
                0x000000000800a568                _fflush_r
 .text._lseek_r
                0x000000000800a5bc       0x24 /Applications/STM32CubeIDE.app/Contents/Eclipse/plugins/com.st.stm32cube.ide.mcu.externaltools.gnu-tools-for-stm32.7-2018-q2-update.macos64_1.4.0.202007081208/tools/bin/../lib/gcc/arm-none-eabi/7.3.1/../../../../arm-none-eabi/lib/thumb/v7e-m/fpv5/hard/libc_nano.a(lib_a-lseekr.o)
                0x000000000800a5bc                _lseek_r
 .text.__swhatbuf_r
                0x000000000800a5e0       0x48 /Applications/STM32CubeIDE.app/Contents/Eclipse/plugins/com.st.stm32cube.ide.mcu.externaltools.gnu-tools-for-stm32.7-2018-q2-update.macos64_1.4.0.202007081208/tools/bin/../lib/gcc/arm-none-eabi/7.3.1/../../../../arm-none-eabi/lib/thumb/v7e-m/fpv5/hard/libc_nano.a(lib_a-makebuf.o)
                0x000000000800a5e0                __swhatbuf_r
 .text.__smakebuf_r
                0x000000000800a628       0x80 /Applications/STM32CubeIDE.app/Contents/Eclipse/plugins/com.st.stm32cube.ide.mcu.externaltools.gnu-tools-for-stm32.7-2018-q2-update.macos64_1.4.0.202007081208/tools/bin/../lib/gcc/arm-none-eabi/7.3.1/../../../../arm-none-eabi/lib/thumb/v7e-m/fpv5/hard/libc_nano.a(lib_a-makebuf.o)
                0x000000000800a628                __smakebuf_r
 .text.memcpy   0x000000000800a6a8       0x16 /Applications/STM32CubeIDE.app/Contents/Eclipse/plugins/com.st.stm32cube.ide.mcu.externaltools.gnu-tools-for-stm32.7-2018-q2-update.macos64_1.4.0.202007081208/tools/bin/../lib/gcc/arm-none-eabi/7.3.1/../../../../arm-none-eabi/lib/thumb/v7e-m/fpv5/hard/libc_nano.a(lib_a-memcpy-stub.o)
                0x000000000800a6a8                memcpy
 .text.memmove  0x000000000800a6be       0x32 /Applications/STM32CubeIDE.app/Contents/Eclipse/plugins/com.st.stm32cube.ide.mcu.externaltools.gnu-tools-for-stm32.7-2018-q2-update.macos64_1.4.0.202007081208/tools/bin/../lib/gcc/arm-none-eabi/7.3.1/../../../../arm-none-eabi/lib/thumb/v7e-m/fpv5/hard/libc_nano.a(lib_a-memmove.o)
                0x000000000800a6be                memmove
 .text._malloc_usable_size_r
                0x000000000800a6f0       0x10 /Applications/STM32CubeIDE.app/Contents/Eclipse/plugins/com.st.stm32cube.ide.mcu.externaltools.gnu-tools-for-stm32.7-2018-q2-update.macos64_1.4.0.202007081208/tools/bin/../lib/gcc/arm-none-eabi/7.3.1/../../../../arm-none-eabi/lib/thumb/v7e-m/fpv5/hard/libc_nano.a(lib_a-nano-msizer.o)
                0x000000000800a6f0                _malloc_usable_size_r
 .text._read_r  0x000000000800a700       0x24 /Applications/STM32CubeIDE.app/Contents/Eclipse/plugins/com.st.stm32cube.ide.mcu.externaltools.gnu-tools-for-stm32.7-2018-q2-update.macos64_1.4.0.202007081208/tools/bin/../lib/gcc/arm-none-eabi/7.3.1/../../../../arm-none-eabi/lib/thumb/v7e-m/fpv5/hard/libc_nano.a(lib_a-readr.o)
                0x000000000800a700                _read_r
 .text._fstat_r
                0x000000000800a724       0x24 /Applications/STM32CubeIDE.app/Contents/Eclipse/plugins/com.st.stm32cube.ide.mcu.externaltools.gnu-tools-for-stm32.7-2018-q2-update.macos64_1.4.0.202007081208/tools/bin/../lib/gcc/arm-none-eabi/7.3.1/../../../../arm-none-eabi/lib/thumb/v7e-m/fpv5/hard/libc_nano.a(lib_a-fstatr.o)
                0x000000000800a724                _fstat_r
 .text._isatty_r
                0x000000000800a748       0x20 /Applications/STM32CubeIDE.app/Contents/Eclipse/plugins/com.st.stm32cube.ide.mcu.externaltools.gnu-tools-for-stm32.7-2018-q2-update.macos64_1.4.0.202007081208/tools/bin/../lib/gcc/arm-none-eabi/7.3.1/../../../../arm-none-eabi/lib/thumb/v7e-m/fpv5/hard/libc_nano.a(lib_a-isattyr.o)
                0x000000000800a748                _isatty_r
 *(.glue_7)
 .glue_7        0x000000000800a768        0x0 linker stubs
 *(.glue_7t)
 .glue_7t       0x000000000800a768        0x0 linker stubs
 *(.eh_frame)
 .eh_frame      0x000000000800a768        0x0 /Applications/STM32CubeIDE.app/Contents/Eclipse/plugins/com.st.stm32cube.ide.mcu.externaltools.gnu-tools-for-stm32.7-2018-q2-update.macos64_1.4.0.202007081208/tools/bin/../lib/gcc/arm-none-eabi/7.3.1/thumb/v7e-m/fpv5/hard/crtbegin.o
 *(.init)
 .init          0x000000000800a768        0x4 /Applications/STM32CubeIDE.app/Contents/Eclipse/plugins/com.st.stm32cube.ide.mcu.externaltools.gnu-tools-for-stm32.7-2018-q2-update.macos64_1.4.0.202007081208/tools/bin/../lib/gcc/arm-none-eabi/7.3.1/thumb/v7e-m/fpv5/hard/crti.o
                0x000000000800a768                _init
 .init          0x000000000800a76c        0x8 /Applications/STM32CubeIDE.app/Contents/Eclipse/plugins/com.st.stm32cube.ide.mcu.externaltools.gnu-tools-for-stm32.7-2018-q2-update.macos64_1.4.0.202007081208/tools/bin/../lib/gcc/arm-none-eabi/7.3.1/thumb/v7e-m/fpv5/hard/crtn.o
 *(.fini)
 .fini          0x000000000800a774        0x4 /Applications/STM32CubeIDE.app/Contents/Eclipse/plugins/com.st.stm32cube.ide.mcu.externaltools.gnu-tools-for-stm32.7-2018-q2-update.macos64_1.4.0.202007081208/tools/bin/../lib/gcc/arm-none-eabi/7.3.1/thumb/v7e-m/fpv5/hard/crti.o
                0x000000000800a774                _fini
 .fini          0x000000000800a778        0x8 /Applications/STM32CubeIDE.app/Contents/Eclipse/plugins/com.st.stm32cube.ide.mcu.externaltools.gnu-tools-for-stm32.7-2018-q2-update.macos64_1.4.0.202007081208/tools/bin/../lib/gcc/arm-none-eabi/7.3.1/thumb/v7e-m/fpv5/hard/crtn.o
                0x000000000800a780                . = ALIGN (0x4)
                0x000000000800a780                _etext = .

.vfp11_veneer   0x000000000800a780        0x0
 .vfp11_veneer  0x000000000800a780        0x0 linker stubs

.v4_bx          0x000000000800a780        0x0
 .v4_bx         0x000000000800a780        0x0 linker stubs

.iplt           0x000000000800a780        0x0
 .iplt          0x000000000800a780        0x0 /Applications/STM32CubeIDE.app/Contents/Eclipse/plugins/com.st.stm32cube.ide.mcu.externaltools.gnu-tools-for-stm32.7-2018-q2-update.macos64_1.4.0.202007081208/tools/bin/../lib/gcc/arm-none-eabi/7.3.1/thumb/v7e-m/fpv5/hard/crtbegin.o

.rodata         0x000000000800a780      0x12c
                0x000000000800a780                . = ALIGN (0x4)
 *(.rodata)
 .rodata        0x000000000800a780       0x5c Core/Src/sensors_sources/analog_sensors.o
 .rodata        0x000000000800a7dc       0x10 Drivers/STM32H7xx_HAL_Driver/stm32h7xx_hal_uart_ex.o
 *(.rodata*)
 .rodata.D1CorePrescTable
                0x000000000800a7ec       0x10 Common/Src/system_stm32h7xx_dualcore_boot_cm4_cm7.o
                0x000000000800a7ec                D1CorePrescTable
 .rodata.UARTPrescTable
                0x000000000800a7fc       0x18 Drivers/STM32H7xx_HAL_Driver/stm32h7xx_hal_uart.o
                0x000000000800a7fc                UARTPrescTable
 .rodata._global_impure_ptr
                0x000000000800a814        0x4 /Applications/STM32CubeIDE.app/Contents/Eclipse/plugins/com.st.stm32cube.ide.mcu.externaltools.gnu-tools-for-stm32.7-2018-q2-update.macos64_1.4.0.202007081208/tools/bin/../lib/gcc/arm-none-eabi/7.3.1/../../../../arm-none-eabi/lib/thumb/v7e-m/fpv5/hard/libc_nano.a(lib_a-impure.o)
                0x000000000800a814                _global_impure_ptr
 .rodata.__sf_fake_stderr
                0x000000000800a818       0x20 /Applications/STM32CubeIDE.app/Contents/Eclipse/plugins/com.st.stm32cube.ide.mcu.externaltools.gnu-tools-for-stm32.7-2018-q2-update.macos64_1.4.0.202007081208/tools/bin/../lib/gcc/arm-none-eabi/7.3.1/../../../../arm-none-eabi/lib/thumb/v7e-m/fpv5/hard/libc_nano.a(lib_a-findfp.o)
                0x000000000800a818                __sf_fake_stderr
 .rodata.__sf_fake_stdin
                0x000000000800a838       0x20 /Applications/STM32CubeIDE.app/Contents/Eclipse/plugins/com.st.stm32cube.ide.mcu.externaltools.gnu-tools-for-stm32.7-2018-q2-update.macos64_1.4.0.202007081208/tools/bin/../lib/gcc/arm-none-eabi/7.3.1/../../../../arm-none-eabi/lib/thumb/v7e-m/fpv5/hard/libc_nano.a(lib_a-findfp.o)
                0x000000000800a838                __sf_fake_stdin
 .rodata.__sf_fake_stdout
                0x000000000800a858       0x20 /Applications/STM32CubeIDE.app/Contents/Eclipse/plugins/com.st.stm32cube.ide.mcu.externaltools.gnu-tools-for-stm32.7-2018-q2-update.macos64_1.4.0.202007081208/tools/bin/../lib/gcc/arm-none-eabi/7.3.1/../../../../arm-none-eabi/lib/thumb/v7e-m/fpv5/hard/libc_nano.a(lib_a-findfp.o)
                0x000000000800a858                __sf_fake_stdout
 .rodata._svfprintf_r.str1.1
                0x000000000800a878       0x11 /Applications/STM32CubeIDE.app/Contents/Eclipse/plugins/com.st.stm32cube.ide.mcu.externaltools.gnu-tools-for-stm32.7-2018-q2-update.macos64_1.4.0.202007081208/tools/bin/../lib/gcc/arm-none-eabi/7.3.1/../../../../arm-none-eabi/lib/thumb/v7e-m/fpv5/hard/libc_nano.a(lib_a-nano-svfprintf.o)
 .rodata._vfprintf_r.str1.1
                0x000000000800a889       0x11 /Applications/STM32CubeIDE.app/Contents/Eclipse/plugins/com.st.stm32cube.ide.mcu.externaltools.gnu-tools-for-stm32.7-2018-q2-update.macos64_1.4.0.202007081208/tools/bin/../lib/gcc/arm-none-eabi/7.3.1/../../../../arm-none-eabi/lib/thumb/v7e-m/fpv5/hard/libc_nano.a(lib_a-nano-vfprintf.o)
 .rodata._printf_i.str1.1
                0x000000000800a889       0x22 /Applications/STM32CubeIDE.app/Contents/Eclipse/plugins/com.st.stm32cube.ide.mcu.externaltools.gnu-tools-for-stm32.7-2018-q2-update.macos64_1.4.0.202007081208/tools/bin/../lib/gcc/arm-none-eabi/7.3.1/../../../../arm-none-eabi/lib/thumb/v7e-m/fpv5/hard/libc_nano.a(lib_a-nano-vfprintf_i.o)
                0x000000000800a8ac                . = ALIGN (0x4)
 *fill*         0x000000000800a8ab        0x1 

.ARM.extab
 *(.ARM.extab* .gnu.linkonce.armextab.*)

.ARM            0x000000000800a8ac        0x8
                0x000000000800a8ac                __exidx_start = .
 *(.ARM.exidx*)
 .ARM.exidx     0x000000000800a8ac        0x8 /Applications/STM32CubeIDE.app/Contents/Eclipse/plugins/com.st.stm32cube.ide.mcu.externaltools.gnu-tools-for-stm32.7-2018-q2-update.macos64_1.4.0.202007081208/tools/bin/../lib/gcc/arm-none-eabi/7.3.1/thumb/v7e-m/fpv5/hard/libgcc.a(_udivmoddi4.o)
                0x000000000800a8b4                __exidx_end = .

.rel.dyn        0x000000000800a8b4        0x0
 .rel.iplt      0x000000000800a8b4        0x0 /Applications/STM32CubeIDE.app/Contents/Eclipse/plugins/com.st.stm32cube.ide.mcu.externaltools.gnu-tools-for-stm32.7-2018-q2-update.macos64_1.4.0.202007081208/tools/bin/../lib/gcc/arm-none-eabi/7.3.1/thumb/v7e-m/fpv5/hard/crtbegin.o

.preinit_array  0x000000000800a8b4        0x0
                0x000000000800a8b4                PROVIDE (__preinit_array_start = .)
 *(.preinit_array*)
                0x000000000800a8b4                PROVIDE (__preinit_array_end = .)

.init_array     0x000000000800a8b4        0x4
                0x000000000800a8b4                PROVIDE (__init_array_start = .)
 *(SORT_BY_NAME(.init_array.*))
 *(.init_array*)
 .init_array    0x000000000800a8b4        0x4 /Applications/STM32CubeIDE.app/Contents/Eclipse/plugins/com.st.stm32cube.ide.mcu.externaltools.gnu-tools-for-stm32.7-2018-q2-update.macos64_1.4.0.202007081208/tools/bin/../lib/gcc/arm-none-eabi/7.3.1/thumb/v7e-m/fpv5/hard/crtbegin.o
                0x000000000800a8b8                PROVIDE (__init_array_end = .)

.fini_array     0x000000000800a8b8        0x4
                [!provide]                        PROVIDE (__fini_array_start = .)
 *(SORT_BY_NAME(.fini_array.*))
 *(.fini_array*)
 .fini_array    0x000000000800a8b8        0x4 /Applications/STM32CubeIDE.app/Contents/Eclipse/plugins/com.st.stm32cube.ide.mcu.externaltools.gnu-tools-for-stm32.7-2018-q2-update.macos64_1.4.0.202007081208/tools/bin/../lib/gcc/arm-none-eabi/7.3.1/thumb/v7e-m/fpv5/hard/crtbegin.o
                [!provide]                        PROVIDE (__fini_array_end = .)
                0x000000000800a8bc                _sidata = LOADADDR (.data)

.data           0x0000000020000000       0x74 load address 0x000000000800a8bc
                0x0000000020000000                . = ALIGN (0x4)
                0x0000000020000000                _sdata = .
 *(.data)
 *(.data*)
 .data.SystemCoreClock
                0x0000000020000000        0x4 Common/Src/system_stm32h7xx_dualcore_boot_cm4_cm7.o
                0x0000000020000000                SystemCoreClock
 .data.SystemD2Clock
                0x0000000020000004        0x4 Common/Src/system_stm32h7xx_dualcore_boot_cm4_cm7.o
                0x0000000020000004                SystemD2Clock
 .data.uwTickPrio
                0x0000000020000008        0x4 Drivers/STM32H7xx_HAL_Driver/stm32h7xx_hal.o
                0x0000000020000008                uwTickPrio
 .data.uwTickFreq
                0x000000002000000c        0x1 Drivers/STM32H7xx_HAL_Driver/stm32h7xx_hal.o
                0x000000002000000c                uwTickFreq
 *fill*         0x000000002000000d        0x3 
 .data._impure_ptr
                0x0000000020000010        0x4 /Applications/STM32CubeIDE.app/Contents/Eclipse/plugins/com.st.stm32cube.ide.mcu.externaltools.gnu-tools-for-stm32.7-2018-q2-update.macos64_1.4.0.202007081208/tools/bin/../lib/gcc/arm-none-eabi/7.3.1/../../../../arm-none-eabi/lib/thumb/v7e-m/fpv5/hard/libc_nano.a(lib_a-impure.o)
                0x0000000020000010                _impure_ptr
 .data.impure_data
                0x0000000020000014       0x60 /Applications/STM32CubeIDE.app/Contents/Eclipse/plugins/com.st.stm32cube.ide.mcu.externaltools.gnu-tools-for-stm32.7-2018-q2-update.macos64_1.4.0.202007081208/tools/bin/../lib/gcc/arm-none-eabi/7.3.1/../../../../arm-none-eabi/lib/thumb/v7e-m/fpv5/hard/libc_nano.a(lib_a-impure.o)
                0x0000000020000074                . = ALIGN (0x4)
                0x0000000020000074                _edata = .

.igot.plt       0x0000000020000074        0x0 load address 0x000000000800a930
 .igot.plt      0x0000000020000074        0x0 /Applications/STM32CubeIDE.app/Contents/Eclipse/plugins/com.st.stm32cube.ide.mcu.externaltools.gnu-tools-for-stm32.7-2018-q2-update.macos64_1.4.0.202007081208/tools/bin/../lib/gcc/arm-none-eabi/7.3.1/thumb/v7e-m/fpv5/hard/crtbegin.o
                0x0000000020000074                . = ALIGN (0x4)

.bss            0x0000000020000074      0x6fc load address 0x000000000800a930
                0x0000000020000074                _sbss = .
                0x0000000020000074                __bss_start__ = _sbss
 *(.bss)
 .bss           0x0000000020000074       0x1c /Applications/STM32CubeIDE.app/Contents/Eclipse/plugins/com.st.stm32cube.ide.mcu.externaltools.gnu-tools-for-stm32.7-2018-q2-update.macos64_1.4.0.202007081208/tools/bin/../lib/gcc/arm-none-eabi/7.3.1/thumb/v7e-m/fpv5/hard/crtbegin.o
 *(.bss*)
 .bss.__sbrk_heap_end
                0x0000000020000090        0x4 Core/Src/sysmem.o
 .bss.__malloc_free_list
                0x0000000020000094        0x4 /Applications/STM32CubeIDE.app/Contents/Eclipse/plugins/com.st.stm32cube.ide.mcu.externaltools.gnu-tools-for-stm32.7-2018-q2-update.macos64_1.4.0.202007081208/tools/bin/../lib/gcc/arm-none-eabi/7.3.1/../../../../arm-none-eabi/lib/thumb/v7e-m/fpv5/hard/libc_nano.a(lib_a-nano-mallocr.o)
                0x0000000020000094                __malloc_free_list
 .bss.__malloc_sbrk_start
                0x0000000020000098        0x4 /Applications/STM32CubeIDE.app/Contents/Eclipse/plugins/com.st.stm32cube.ide.mcu.externaltools.gnu-tools-for-stm32.7-2018-q2-update.macos64_1.4.0.202007081208/tools/bin/../lib/gcc/arm-none-eabi/7.3.1/../../../../arm-none-eabi/lib/thumb/v7e-m/fpv5/hard/libc_nano.a(lib_a-nano-mallocr.o)
                0x0000000020000098                __malloc_sbrk_start
 *(COMMON)
 COMMON         0x000000002000009c       0xc8 Core/Src/adc.o
                0x000000002000009c                hadc1
                0x0000000020000100                hadc3
 COMMON         0x0000000020000164       0x4c Core/Src/i2c.o
                0x0000000020000164                hi2c1
 COMMON         0x00000000200001b0       0x98 Core/Src/tim.o
                0x00000000200001b0                htim6
                0x00000000200001fc                htim1
 COMMON         0x0000000020000248      0x118 Core/Src/usart.o
                0x0000000020000248                huart3
                0x00000000200002d4                huart2
 COMMON         0x0000000020000360      0x408 Core/Src/usb_otg.o
                0x0000000020000360                hpcd_USB_OTG_FS
 COMMON         0x0000000020000768        0x4 Drivers/STM32H7xx_HAL_Driver/stm32h7xx_hal.o
                0x0000000020000768                uwTick
 COMMON         0x000000002000076c        0x4 /Applications/STM32CubeIDE.app/Contents/Eclipse/plugins/com.st.stm32cube.ide.mcu.externaltools.gnu-tools-for-stm32.7-2018-q2-update.macos64_1.4.0.202007081208/tools/bin/../lib/gcc/arm-none-eabi/7.3.1/../../../../arm-none-eabi/lib/thumb/v7e-m/fpv5/hard/libc_nano.a(lib_a-reent.o)
                0x000000002000076c                errno
                0x0000000020000770                . = ALIGN (0x4)
                0x0000000020000770                _ebss = .
                0x0000000020000770                __bss_end__ = _ebss

._user_heap_stack
                0x0000000020000770      0x600 load address 0x000000000800a930
                0x0000000020000770                . = ALIGN (0x8)
                [!provide]                        PROVIDE (end = .)
                0x0000000020000770                PROVIDE (_end = .)
                0x0000000020000970                . = (. + _Min_Heap_Size)
 *fill*         0x0000000020000770      0x200 
                0x0000000020000d70                . = (. + _Min_Stack_Size)
 *fill*         0x0000000020000970      0x400 
                0x0000000020000d70                . = ALIGN (0x8)

/DISCARD/
 libc.a(*)
 libm.a(*)
 libgcc.a(*)

.ARM.attributes
                0x0000000000000000       0x2e
 *(.ARM.attributes)
 .ARM.attributes
                0x0000000000000000       0x20 /Applications/STM32CubeIDE.app/Contents/Eclipse/plugins/com.st.stm32cube.ide.mcu.externaltools.gnu-tools-for-stm32.7-2018-q2-update.macos64_1.4.0.202007081208/tools/bin/../lib/gcc/arm-none-eabi/7.3.1/thumb/v7e-m/fpv5/hard/crti.o
 .ARM.attributes
                0x0000000000000020       0x32 /Applications/STM32CubeIDE.app/Contents/Eclipse/plugins/com.st.stm32cube.ide.mcu.externaltools.gnu-tools-for-stm32.7-2018-q2-update.macos64_1.4.0.202007081208/tools/bin/../lib/gcc/arm-none-eabi/7.3.1/thumb/v7e-m/fpv5/hard/crtbegin.o
 .ARM.attributes
                0x0000000000000052       0x37 Common/Src/system_stm32h7xx_dualcore_boot_cm4_cm7.o
 .ARM.attributes
                0x0000000000000089       0x37 Core/Src/adc.o
 .ARM.attributes
                0x00000000000000c0       0x37 Core/Src/gpio.o
 .ARM.attributes
                0x00000000000000f7       0x37 Core/Src/i2c.o
 .ARM.attributes
                0x000000000000012e       0x37 Core/Src/main.o
 .ARM.attributes
                0x0000000000000165       0x37 Core/Src/stm32h7xx_hal_msp.o
 .ARM.attributes
                0x000000000000019c       0x37 Core/Src/stm32h7xx_it.o
 .ARM.attributes
                0x00000000000001d3       0x37 Core/Src/syscalls.o
 .ARM.attributes
                0x000000000000020a       0x37 Core/Src/sysmem.o
 .ARM.attributes
                0x0000000000000241       0x37 Core/Src/tim.o
 .ARM.attributes
                0x0000000000000278       0x37 Core/Src/usart.o
 .ARM.attributes
                0x00000000000002af       0x37 Core/Src/usb_otg.o
 .ARM.attributes
                0x00000000000002e6       0x37 Core/Src/sensors_sources/analog_sensors.o
 .ARM.attributes
                0x000000000000031d       0x37 Core/Src/sensors_sources/dht11.o
 .ARM.attributes
                0x0000000000000354       0x21 Core/Startup/startup_stm32h755zitx.o
 .ARM.attributes
                0x0000000000000375       0x37 Drivers/STM32H7xx_HAL_Driver/stm32h7xx_hal.o
 .ARM.attributes
                0x00000000000003ac       0x37 Drivers/STM32H7xx_HAL_Driver/stm32h7xx_hal_adc.o
 .ARM.attributes
                0x00000000000003e3       0x37 Drivers/STM32H7xx_HAL_Driver/stm32h7xx_hal_adc_ex.o
 .ARM.attributes
                0x000000000000041a       0x37 Drivers/STM32H7xx_HAL_Driver/stm32h7xx_hal_cortex.o
 .ARM.attributes
                0x0000000000000451       0x37 Drivers/STM32H7xx_HAL_Driver/stm32h7xx_hal_gpio.o
 .ARM.attributes
                0x0000000000000488       0x37 Drivers/STM32H7xx_HAL_Driver/stm32h7xx_hal_hsem.o
 .ARM.attributes
                0x00000000000004bf       0x37 Drivers/STM32H7xx_HAL_Driver/stm32h7xx_hal_i2c.o
 .ARM.attributes
                0x00000000000004f6       0x37 Drivers/STM32H7xx_HAL_Driver/stm32h7xx_hal_i2c_ex.o
 .ARM.attributes
                0x000000000000052d       0x37 Drivers/STM32H7xx_HAL_Driver/stm32h7xx_hal_pcd.o
 .ARM.attributes
                0x0000000000000564       0x37 Drivers/STM32H7xx_HAL_Driver/stm32h7xx_hal_pcd_ex.o
 .ARM.attributes
                0x000000000000059b       0x37 Drivers/STM32H7xx_HAL_Driver/stm32h7xx_hal_pwr_ex.o
 .ARM.attributes
                0x00000000000005d2       0x37 Drivers/STM32H7xx_HAL_Driver/stm32h7xx_hal_rcc.o
 .ARM.attributes
                0x0000000000000609       0x37 Drivers/STM32H7xx_HAL_Driver/stm32h7xx_hal_rcc_ex.o
 .ARM.attributes
                0x0000000000000640       0x37 Drivers/STM32H7xx_HAL_Driver/stm32h7xx_hal_tim.o
 .ARM.attributes
                0x0000000000000677       0x37 Drivers/STM32H7xx_HAL_Driver/stm32h7xx_hal_tim_ex.o
 .ARM.attributes
                0x00000000000006ae       0x37 Drivers/STM32H7xx_HAL_Driver/stm32h7xx_hal_uart.o
 .ARM.attributes
                0x00000000000006e5       0x37 Drivers/STM32H7xx_HAL_Driver/stm32h7xx_hal_uart_ex.o
 .ARM.attributes
                0x000000000000071c       0x37 Drivers/STM32H7xx_HAL_Driver/stm32h7xx_ll_usb.o
 .ARM.attributes
                0x0000000000000753       0x32 /Applications/STM32CubeIDE.app/Contents/Eclipse/plugins/com.st.stm32cube.ide.mcu.externaltools.gnu-tools-for-stm32.7-2018-q2-update.macos64_1.4.0.202007081208/tools/bin/../lib/gcc/arm-none-eabi/7.3.1/../../../../arm-none-eabi/lib/thumb/v7e-m/fpv5/hard/libc_nano.a(lib_a-errno.o)
 .ARM.attributes
                0x0000000000000785       0x32 /Applications/STM32CubeIDE.app/Contents/Eclipse/plugins/com.st.stm32cube.ide.mcu.externaltools.gnu-tools-for-stm32.7-2018-q2-update.macos64_1.4.0.202007081208/tools/bin/../lib/gcc/arm-none-eabi/7.3.1/../../../../arm-none-eabi/lib/thumb/v7e-m/fpv5/hard/libc_nano.a(lib_a-impure.o)
 .ARM.attributes
                0x00000000000007b7       0x32 /Applications/STM32CubeIDE.app/Contents/Eclipse/plugins/com.st.stm32cube.ide.mcu.externaltools.gnu-tools-for-stm32.7-2018-q2-update.macos64_1.4.0.202007081208/tools/bin/../lib/gcc/arm-none-eabi/7.3.1/../../../../arm-none-eabi/lib/thumb/v7e-m/fpv5/hard/libc_nano.a(lib_a-init.o)
 .ARM.attributes
                0x00000000000007e9       0x32 /Applications/STM32CubeIDE.app/Contents/Eclipse/plugins/com.st.stm32cube.ide.mcu.externaltools.gnu-tools-for-stm32.7-2018-q2-update.macos64_1.4.0.202007081208/tools/bin/../lib/gcc/arm-none-eabi/7.3.1/../../../../arm-none-eabi/lib/thumb/v7e-m/fpv5/hard/libc_nano.a(lib_a-memset.o)
 .ARM.attributes
                0x000000000000081b       0x32 /Applications/STM32CubeIDE.app/Contents/Eclipse/plugins/com.st.stm32cube.ide.mcu.externaltools.gnu-tools-for-stm32.7-2018-q2-update.macos64_1.4.0.202007081208/tools/bin/../lib/gcc/arm-none-eabi/7.3.1/../../../../arm-none-eabi/lib/thumb/v7e-m/fpv5/hard/libc_nano.a(lib_a-nano-freer.o)
 .ARM.attributes
                0x000000000000084d       0x32 /Applications/STM32CubeIDE.app/Contents/Eclipse/plugins/com.st.stm32cube.ide.mcu.externaltools.gnu-tools-for-stm32.7-2018-q2-update.macos64_1.4.0.202007081208/tools/bin/../lib/gcc/arm-none-eabi/7.3.1/../../../../arm-none-eabi/lib/thumb/v7e-m/fpv5/hard/libc_nano.a(lib_a-nano-mallocr.o)
 .ARM.attributes
                0x000000000000087f       0x32 /Applications/STM32CubeIDE.app/Contents/Eclipse/plugins/com.st.stm32cube.ide.mcu.externaltools.gnu-tools-for-stm32.7-2018-q2-update.macos64_1.4.0.202007081208/tools/bin/../lib/gcc/arm-none-eabi/7.3.1/../../../../arm-none-eabi/lib/thumb/v7e-m/fpv5/hard/libc_nano.a(lib_a-printf.o)
 .ARM.attributes
                0x00000000000008b1       0x32 /Applications/STM32CubeIDE.app/Contents/Eclipse/plugins/com.st.stm32cube.ide.mcu.externaltools.gnu-tools-for-stm32.7-2018-q2-update.macos64_1.4.0.202007081208/tools/bin/../lib/gcc/arm-none-eabi/7.3.1/../../../../arm-none-eabi/lib/thumb/v7e-m/fpv5/hard/libc_nano.a(lib_a-sbrkr.o)
 .ARM.attributes
                0x00000000000008e3       0x32 /Applications/STM32CubeIDE.app/Contents/Eclipse/plugins/com.st.stm32cube.ide.mcu.externaltools.gnu-tools-for-stm32.7-2018-q2-update.macos64_1.4.0.202007081208/tools/bin/../lib/gcc/arm-none-eabi/7.3.1/../../../../arm-none-eabi/lib/thumb/v7e-m/fpv5/hard/libc_nano.a(lib_a-sprintf.o)
 .ARM.attributes
                0x0000000000000915       0x32 /Applications/STM32CubeIDE.app/Contents/Eclipse/plugins/com.st.stm32cube.ide.mcu.externaltools.gnu-tools-for-stm32.7-2018-q2-update.macos64_1.4.0.202007081208/tools/bin/../lib/gcc/arm-none-eabi/7.3.1/../../../../arm-none-eabi/lib/thumb/v7e-m/fpv5/hard/libc_nano.a(lib_a-findfp.o)
 .ARM.attributes
                0x0000000000000947       0x32 /Applications/STM32CubeIDE.app/Contents/Eclipse/plugins/com.st.stm32cube.ide.mcu.externaltools.gnu-tools-for-stm32.7-2018-q2-update.macos64_1.4.0.202007081208/tools/bin/../lib/gcc/arm-none-eabi/7.3.1/../../../../arm-none-eabi/lib/thumb/v7e-m/fpv5/hard/libc_nano.a(lib_a-fwalk.o)
 .ARM.attributes
                0x0000000000000979       0x32 /Applications/STM32CubeIDE.app/Contents/Eclipse/plugins/com.st.stm32cube.ide.mcu.externaltools.gnu-tools-for-stm32.7-2018-q2-update.macos64_1.4.0.202007081208/tools/bin/../lib/gcc/arm-none-eabi/7.3.1/../../../../arm-none-eabi/lib/thumb/v7e-m/fpv5/hard/libc_nano.a(lib_a-mlock.o)
 .ARM.attributes
                0x00000000000009ab       0x32 /Applications/STM32CubeIDE.app/Contents/Eclipse/plugins/com.st.stm32cube.ide.mcu.externaltools.gnu-tools-for-stm32.7-2018-q2-update.macos64_1.4.0.202007081208/tools/bin/../lib/gcc/arm-none-eabi/7.3.1/../../../../arm-none-eabi/lib/thumb/v7e-m/fpv5/hard/libc_nano.a(lib_a-nano-reallocr.o)
 .ARM.attributes
                0x00000000000009dd       0x32 /Applications/STM32CubeIDE.app/Contents/Eclipse/plugins/com.st.stm32cube.ide.mcu.externaltools.gnu-tools-for-stm32.7-2018-q2-update.macos64_1.4.0.202007081208/tools/bin/../lib/gcc/arm-none-eabi/7.3.1/../../../../arm-none-eabi/lib/thumb/v7e-m/fpv5/hard/libc_nano.a(lib_a-nano-svfprintf.o)
 .ARM.attributes
                0x0000000000000a0f       0x32 /Applications/STM32CubeIDE.app/Contents/Eclipse/plugins/com.st.stm32cube.ide.mcu.externaltools.gnu-tools-for-stm32.7-2018-q2-update.macos64_1.4.0.202007081208/tools/bin/../lib/gcc/arm-none-eabi/7.3.1/../../../../arm-none-eabi/lib/thumb/v7e-m/fpv5/hard/libc_nano.a(lib_a-nano-vfprintf.o)
 .ARM.attributes
                0x0000000000000a41       0x32 /Applications/STM32CubeIDE.app/Contents/Eclipse/plugins/com.st.stm32cube.ide.mcu.externaltools.gnu-tools-for-stm32.7-2018-q2-update.macos64_1.4.0.202007081208/tools/bin/../lib/gcc/arm-none-eabi/7.3.1/../../../../arm-none-eabi/lib/thumb/v7e-m/fpv5/hard/libc_nano.a(lib_a-nano-vfprintf_i.o)
 .ARM.attributes
                0x0000000000000a73       0x32 /Applications/STM32CubeIDE.app/Contents/Eclipse/plugins/com.st.stm32cube.ide.mcu.externaltools.gnu-tools-for-stm32.7-2018-q2-update.macos64_1.4.0.202007081208/tools/bin/../lib/gcc/arm-none-eabi/7.3.1/../../../../arm-none-eabi/lib/thumb/v7e-m/fpv5/hard/libc_nano.a(lib_a-reent.o)
 .ARM.attributes
                0x0000000000000aa5       0x32 /Applications/STM32CubeIDE.app/Contents/Eclipse/plugins/com.st.stm32cube.ide.mcu.externaltools.gnu-tools-for-stm32.7-2018-q2-update.macos64_1.4.0.202007081208/tools/bin/../lib/gcc/arm-none-eabi/7.3.1/../../../../arm-none-eabi/lib/thumb/v7e-m/fpv5/hard/libc_nano.a(lib_a-stdio.o)
 .ARM.attributes
                0x0000000000000ad7       0x32 /Applications/STM32CubeIDE.app/Contents/Eclipse/plugins/com.st.stm32cube.ide.mcu.externaltools.gnu-tools-for-stm32.7-2018-q2-update.macos64_1.4.0.202007081208/tools/bin/../lib/gcc/arm-none-eabi/7.3.1/../../../../arm-none-eabi/lib/thumb/v7e-m/fpv5/hard/libc_nano.a(lib_a-wbuf.o)
 .ARM.attributes
                0x0000000000000b09       0x32 /Applications/STM32CubeIDE.app/Contents/Eclipse/plugins/com.st.stm32cube.ide.mcu.externaltools.gnu-tools-for-stm32.7-2018-q2-update.macos64_1.4.0.202007081208/tools/bin/../lib/gcc/arm-none-eabi/7.3.1/../../../../arm-none-eabi/lib/thumb/v7e-m/fpv5/hard/libc_nano.a(lib_a-writer.o)
 .ARM.attributes
                0x0000000000000b3b       0x32 /Applications/STM32CubeIDE.app/Contents/Eclipse/plugins/com.st.stm32cube.ide.mcu.externaltools.gnu-tools-for-stm32.7-2018-q2-update.macos64_1.4.0.202007081208/tools/bin/../lib/gcc/arm-none-eabi/7.3.1/../../../../arm-none-eabi/lib/thumb/v7e-m/fpv5/hard/libc_nano.a(lib_a-wsetup.o)
 .ARM.attributes
                0x0000000000000b6d       0x32 /Applications/STM32CubeIDE.app/Contents/Eclipse/plugins/com.st.stm32cube.ide.mcu.externaltools.gnu-tools-for-stm32.7-2018-q2-update.macos64_1.4.0.202007081208/tools/bin/../lib/gcc/arm-none-eabi/7.3.1/../../../../arm-none-eabi/lib/thumb/v7e-m/fpv5/hard/libc_nano.a(lib_a-closer.o)
 .ARM.attributes
                0x0000000000000b9f       0x32 /Applications/STM32CubeIDE.app/Contents/Eclipse/plugins/com.st.stm32cube.ide.mcu.externaltools.gnu-tools-for-stm32.7-2018-q2-update.macos64_1.4.0.202007081208/tools/bin/../lib/gcc/arm-none-eabi/7.3.1/../../../../arm-none-eabi/lib/thumb/v7e-m/fpv5/hard/libc_nano.a(lib_a-fflush.o)
 .ARM.attributes
                0x0000000000000bd1       0x32 /Applications/STM32CubeIDE.app/Contents/Eclipse/plugins/com.st.stm32cube.ide.mcu.externaltools.gnu-tools-for-stm32.7-2018-q2-update.macos64_1.4.0.202007081208/tools/bin/../lib/gcc/arm-none-eabi/7.3.1/../../../../arm-none-eabi/lib/thumb/v7e-m/fpv5/hard/libc_nano.a(lib_a-lseekr.o)
 .ARM.attributes
                0x0000000000000c03       0x32 /Applications/STM32CubeIDE.app/Contents/Eclipse/plugins/com.st.stm32cube.ide.mcu.externaltools.gnu-tools-for-stm32.7-2018-q2-update.macos64_1.4.0.202007081208/tools/bin/../lib/gcc/arm-none-eabi/7.3.1/../../../../arm-none-eabi/lib/thumb/v7e-m/fpv5/hard/libc_nano.a(lib_a-makebuf.o)
 .ARM.attributes
                0x0000000000000c35       0x1e /Applications/STM32CubeIDE.app/Contents/Eclipse/plugins/com.st.stm32cube.ide.mcu.externaltools.gnu-tools-for-stm32.7-2018-q2-update.macos64_1.4.0.202007081208/tools/bin/../lib/gcc/arm-none-eabi/7.3.1/../../../../arm-none-eabi/lib/thumb/v7e-m/fpv5/hard/libc_nano.a(lib_a-memchr.o)
 .ARM.attributes
                0x0000000000000c53       0x32 /Applications/STM32CubeIDE.app/Contents/Eclipse/plugins/com.st.stm32cube.ide.mcu.externaltools.gnu-tools-for-stm32.7-2018-q2-update.macos64_1.4.0.202007081208/tools/bin/../lib/gcc/arm-none-eabi/7.3.1/../../../../arm-none-eabi/lib/thumb/v7e-m/fpv5/hard/libc_nano.a(lib_a-memcpy-stub.o)
 .ARM.attributes
                0x0000000000000c85       0x32 /Applications/STM32CubeIDE.app/Contents/Eclipse/plugins/com.st.stm32cube.ide.mcu.externaltools.gnu-tools-for-stm32.7-2018-q2-update.macos64_1.4.0.202007081208/tools/bin/../lib/gcc/arm-none-eabi/7.3.1/../../../../arm-none-eabi/lib/thumb/v7e-m/fpv5/hard/libc_nano.a(lib_a-memmove.o)
 .ARM.attributes
                0x0000000000000cb7       0x32 /Applications/STM32CubeIDE.app/Contents/Eclipse/plugins/com.st.stm32cube.ide.mcu.externaltools.gnu-tools-for-stm32.7-2018-q2-update.macos64_1.4.0.202007081208/tools/bin/../lib/gcc/arm-none-eabi/7.3.1/../../../../arm-none-eabi/lib/thumb/v7e-m/fpv5/hard/libc_nano.a(lib_a-nano-msizer.o)
 .ARM.attributes
                0x0000000000000ce9       0x32 /Applications/STM32CubeIDE.app/Contents/Eclipse/plugins/com.st.stm32cube.ide.mcu.externaltools.gnu-tools-for-stm32.7-2018-q2-update.macos64_1.4.0.202007081208/tools/bin/../lib/gcc/arm-none-eabi/7.3.1/../../../../arm-none-eabi/lib/thumb/v7e-m/fpv5/hard/libc_nano.a(lib_a-readr.o)
 .ARM.attributes
                0x0000000000000d1b       0x32 /Applications/STM32CubeIDE.app/Contents/Eclipse/plugins/com.st.stm32cube.ide.mcu.externaltools.gnu-tools-for-stm32.7-2018-q2-update.macos64_1.4.0.202007081208/tools/bin/../lib/gcc/arm-none-eabi/7.3.1/../../../../arm-none-eabi/lib/thumb/v7e-m/fpv5/hard/libc_nano.a(lib_a-fstatr.o)
 .ARM.attributes
                0x0000000000000d4d       0x32 /Applications/STM32CubeIDE.app/Contents/Eclipse/plugins/com.st.stm32cube.ide.mcu.externaltools.gnu-tools-for-stm32.7-2018-q2-update.macos64_1.4.0.202007081208/tools/bin/../lib/gcc/arm-none-eabi/7.3.1/../../../../arm-none-eabi/lib/thumb/v7e-m/fpv5/hard/libc_nano.a(lib_a-isattyr.o)
 .ARM.attributes
                0x0000000000000d7f       0x20 /Applications/STM32CubeIDE.app/Contents/Eclipse/plugins/com.st.stm32cube.ide.mcu.externaltools.gnu-tools-for-stm32.7-2018-q2-update.macos64_1.4.0.202007081208/tools/bin/../lib/gcc/arm-none-eabi/7.3.1/thumb/v7e-m/fpv5/hard/libgcc.a(_aeabi_uldivmod.o)
 .ARM.attributes
                0x0000000000000d9f       0x32 /Applications/STM32CubeIDE.app/Contents/Eclipse/plugins/com.st.stm32cube.ide.mcu.externaltools.gnu-tools-for-stm32.7-2018-q2-update.macos64_1.4.0.202007081208/tools/bin/../lib/gcc/arm-none-eabi/7.3.1/thumb/v7e-m/fpv5/hard/libgcc.a(_udivmoddi4.o)
 .ARM.attributes
                0x0000000000000dd1       0x20 /Applications/STM32CubeIDE.app/Contents/Eclipse/plugins/com.st.stm32cube.ide.mcu.externaltools.gnu-tools-for-stm32.7-2018-q2-update.macos64_1.4.0.202007081208/tools/bin/../lib/gcc/arm-none-eabi/7.3.1/thumb/v7e-m/fpv5/hard/libgcc.a(_dvmd_tls.o)
 .ARM.attributes
                0x0000000000000df1       0x20 /Applications/STM32CubeIDE.app/Contents/Eclipse/plugins/com.st.stm32cube.ide.mcu.externaltools.gnu-tools-for-stm32.7-2018-q2-update.macos64_1.4.0.202007081208/tools/bin/../lib/gcc/arm-none-eabi/7.3.1/thumb/v7e-m/fpv5/hard/crtn.o
OUTPUT(weather_station_CM7.elf elf32-littlearm)

.debug_info     0x0000000000000000    0x38270
 .debug_info    0x0000000000000000     0x16d1 Common/Src/system_stm32h7xx_dualcore_boot_cm4_cm7.o
 .debug_info    0x00000000000016d1     0x1bea Core/Src/adc.o
 .debug_info    0x00000000000032bb     0x1af6 Core/Src/gpio.o
 .debug_info    0x0000000000004db1     0x1d7b Core/Src/i2c.o
 .debug_info    0x0000000000006b2c     0x2bd7 Core/Src/main.o
 .debug_info    0x0000000000009703     0x191a Core/Src/stm32h7xx_hal_msp.o
 .debug_info    0x000000000000b01d     0x160d Core/Src/stm32h7xx_it.o
 .debug_info    0x000000000000c62a      0xebd Core/Src/syscalls.o
 .debug_info    0x000000000000d4e7      0x985 Core/Src/sysmem.o
 .debug_info    0x000000000000de6c     0x1ce4 Core/Src/tim.o
 .debug_info    0x000000000000fb50     0x1e47 Core/Src/usart.o
 .debug_info    0x0000000000011997     0x1f46 Core/Src/usb_otg.o
 .debug_info    0x00000000000138dd     0x1632 Core/Src/sensors_sources/analog_sensors.o
 .debug_info    0x0000000000014f0f     0x193c Core/Src/sensors_sources/dht11.o
 .debug_info    0x000000000001684b       0x22 Core/Startup/startup_stm32h755zitx.o
 .debug_info    0x000000000001686d     0x2071 Drivers/STM32H7xx_HAL_Driver/stm32h7xx_hal.o
 .debug_info    0x00000000000188de     0x260d Drivers/STM32H7xx_HAL_Driver/stm32h7xx_hal_adc.o
 .debug_info    0x000000000001aeeb     0x26ee Drivers/STM32H7xx_HAL_Driver/stm32h7xx_hal_adc_ex.o
 .debug_info    0x000000000001d5d9     0x1ad4 Drivers/STM32H7xx_HAL_Driver/stm32h7xx_hal_cortex.o
 .debug_info    0x000000000001f0ad     0x1712 Drivers/STM32H7xx_HAL_Driver/stm32h7xx_hal_gpio.o
 .debug_info    0x00000000000207bf      0xdfe Drivers/STM32H7xx_HAL_Driver/stm32h7xx_hal_hsem.o
 .debug_info    0x00000000000215bd     0x2ab5 Drivers/STM32H7xx_HAL_Driver/stm32h7xx_hal_i2c.o
 .debug_info    0x0000000000024072     0x173a Drivers/STM32H7xx_HAL_Driver/stm32h7xx_hal_i2c_ex.o
 .debug_info    0x00000000000257ac     0x1ab4 Drivers/STM32H7xx_HAL_Driver/stm32h7xx_hal_pcd.o
 .debug_info    0x0000000000027260     0x1217 Drivers/STM32H7xx_HAL_Driver/stm32h7xx_hal_pcd_ex.o
 .debug_info    0x0000000000028477     0x1b47 Drivers/STM32H7xx_HAL_Driver/stm32h7xx_hal_pwr_ex.o
 .debug_info    0x0000000000029fbe     0x17c4 Drivers/STM32H7xx_HAL_Driver/stm32h7xx_hal_rcc.o