Archive member included to satisfy reference by file (symbol)

/Applications/STM32CubeIDE.app/Contents/Eclipse/plugins/com.st.stm32cube.ide.mcu.externaltools.gnu-tools-for-stm32.7-2018-q2-update.macos64_1.4.0.202007081208/tools/bin/../lib/gcc/arm-none-eabi/7.3.1/../../../../arm-none-eabi/lib/thumb/v7e-m/fpv4-sp/hard/libc_nano.a(lib_a-errno.o)
                              Core/Src/syscalls.o (__errno)
/Applications/STM32CubeIDE.app/Contents/Eclipse/plugins/com.st.stm32cube.ide.mcu.externaltools.gnu-tools-for-stm32.7-2018-q2-update.macos64_1.4.0.202007081208/tools/bin/../lib/gcc/arm-none-eabi/7.3.1/../../../../arm-none-eabi/lib/thumb/v7e-m/fpv4-sp/hard/libc_nano.a(lib_a-exit.o)
                              /Applications/STM32CubeIDE.app/Contents/Eclipse/plugins/com.st.stm32cube.ide.mcu.externaltools.gnu-tools-for-stm32.7-2018-q2-update.macos64_1.4.0.202007081208/tools/bin/../lib/gcc/arm-none-eabi/7.3.1/../../../../arm-none-eabi/lib/thumb/v7e-m/fpv4-sp/hard/crt0.o (exit)
/Applications/STM32CubeIDE.app/Contents/Eclipse/plugins/com.st.stm32cube.ide.mcu.externaltools.gnu-tools-for-stm32.7-2018-q2-update.macos64_1.4.0.202007081208/tools/bin/../lib/gcc/arm-none-eabi/7.3.1/../../../../arm-none-eabi/lib/thumb/v7e-m/fpv4-sp/hard/libc_nano.a(lib_a-impure.o)
                              /Applications/STM32CubeIDE.app/Contents/Eclipse/plugins/com.st.stm32cube.ide.mcu.externaltools.gnu-tools-for-stm32.7-2018-q2-update.macos64_1.4.0.202007081208/tools/bin/../lib/gcc/arm-none-eabi/7.3.1/../../../../arm-none-eabi/lib/thumb/v7e-m/fpv4-sp/hard/libc_nano.a(lib_a-exit.o) (_global_impure_ptr)
/Applications/STM32CubeIDE.app/Contents/Eclipse/plugins/com.st.stm32cube.ide.mcu.externaltools.gnu-tools-for-stm32.7-2018-q2-update.macos64_1.4.0.202007081208/tools/bin/../lib/gcc/arm-none-eabi/7.3.1/../../../../arm-none-eabi/lib/thumb/v7e-m/fpv4-sp/hard/libc_nano.a(lib_a-init.o)
                              /Applications/STM32CubeIDE.app/Contents/Eclipse/plugins/com.st.stm32cube.ide.mcu.externaltools.gnu-tools-for-stm32.7-2018-q2-update.macos64_1.4.0.202007081208/tools/bin/../lib/gcc/arm-none-eabi/7.3.1/../../../../arm-none-eabi/lib/thumb/v7e-m/fpv4-sp/hard/crt0.o (__libc_init_array)
/Applications/STM32CubeIDE.app/Contents/Eclipse/plugins/com.st.stm32cube.ide.mcu.externaltools.gnu-tools-for-stm32.7-2018-q2-update.macos64_1.4.0.202007081208/tools/bin/../lib/gcc/arm-none-eabi/7.3.1/../../../../arm-none-eabi/lib/thumb/v7e-m/fpv4-sp/hard/libc_nano.a(lib_a-memset.o)
                              /Applications/STM32CubeIDE.app/Contents/Eclipse/plugins/com.st.stm32cube.ide.mcu.externaltools.gnu-tools-for-stm32.7-2018-q2-update.macos64_1.4.0.202007081208/tools/bin/../lib/gcc/arm-none-eabi/7.3.1/../../../../arm-none-eabi/lib/thumb/v7e-m/fpv4-sp/hard/crt0.o (memset)
/Applications/STM32CubeIDE.app/Contents/Eclipse/plugins/com.st.stm32cube.ide.mcu.externaltools.gnu-tools-for-stm32.7-2018-q2-update.macos64_1.4.0.202007081208/tools/bin/../lib/gcc/arm-none-eabi/7.3.1/thumb/v7e-m/fpv4-sp/hard/libgcc.a(_aeabi_uldivmod.o)
                              Drivers/STM32H7xx_HAL_Driver/stm32h7xx_hal_uart.o (__aeabi_uldivmod)
/Applications/STM32CubeIDE.app/Contents/Eclipse/plugins/com.st.stm32cube.ide.mcu.externaltools.gnu-tools-for-stm32.7-2018-q2-update.macos64_1.4.0.202007081208/tools/bin/../lib/gcc/arm-none-eabi/7.3.1/thumb/v7e-m/fpv4-sp/hard/libgcc.a(_udivmoddi4.o)
                              /Applications/STM32CubeIDE.app/Contents/Eclipse/plugins/com.st.stm32cube.ide.mcu.externaltools.gnu-tools-for-stm32.7-2018-q2-update.macos64_1.4.0.202007081208/tools/bin/../lib/gcc/arm-none-eabi/7.3.1/thumb/v7e-m/fpv4-sp/hard/libgcc.a(_aeabi_uldivmod.o) (__udivmoddi4)
/Applications/STM32CubeIDE.app/Contents/Eclipse/plugins/com.st.stm32cube.ide.mcu.externaltools.gnu-tools-for-stm32.7-2018-q2-update.macos64_1.4.0.202007081208/tools/bin/../lib/gcc/arm-none-eabi/7.3.1/thumb/v7e-m/fpv4-sp/hard/libgcc.a(_dvmd_tls.o)
                              /Applications/STM32CubeIDE.app/Contents/Eclipse/plugins/com.st.stm32cube.ide.mcu.externaltools.gnu-tools-for-stm32.7-2018-q2-update.macos64_1.4.0.202007081208/tools/bin/../lib/gcc/arm-none-eabi/7.3.1/thumb/v7e-m/fpv4-sp/hard/libgcc.a(_aeabi_uldivmod.o) (__aeabi_ldiv0)

Allocating common symbols
Common symbol       size              file

huart3              0x8c              Core/Src/usart.o
uwTick              0x4               Drivers/STM32H7xx_HAL_Driver/stm32h7xx_hal.o
pFlash              0x1c              Drivers/STM32H7xx_HAL_Driver/stm32h7xx_hal_flash.o

Discarded input sections

 .text          0x0000000000000000        0x0 /Applications/STM32CubeIDE.app/Contents/Eclipse/plugins/com.st.stm32cube.ide.mcu.externaltools.gnu-tools-for-stm32.7-2018-q2-update.macos64_1.4.0.202007081208/tools/bin/../lib/gcc/arm-none-eabi/7.3.1/thumb/v7e-m/fpv4-sp/hard/crti.o
[...]
Memory Configuration

Name             Origin             Length             Attributes
FLASH            0x0000000008100000 0x0000000000100000 xr
RAM              0x0000000010000000 0x0000000000048000 xrw
*default*        0x0000000000000000 0xffffffffffffffff

Linker script and memory map

LOAD /Applications/STM32CubeIDE.app/Contents/Eclipse/plugins/com.st.stm32cube.ide.mcu.externaltools.gnu-tools-for-stm32.7-2018-q2-update.macos64_1.4.0.202007081208/tools/bin/../lib/gcc/arm-none-eabi/7.3.1/thumb/v7e-m/fpv4-sp/hard/crti.o
LOAD /Applications/STM32CubeIDE.app/Contents/Eclipse/plugins/com.st.stm32cube.ide.mcu.externaltools.gnu-tools-for-stm32.7-2018-q2-update.macos64_1.4.0.202007081208/tools/bin/../lib/gcc/arm-none-eabi/7.3.1/thumb/v7e-m/fpv4-sp/hard/crtbegin.o
LOAD /Applications/STM32CubeIDE.app/Contents/Eclipse/plugins/com.st.stm32cube.ide.mcu.externaltools.gnu-tools-for-stm32.7-2018-q2-update.macos64_1.4.0.202007081208/tools/bin/../lib/gcc/arm-none-eabi/7.3.1/../../../../arm-none-eabi/lib/thumb/v7e-m/fpv4-sp/hard/crt0.o
LOAD Common/Src/system_stm32h7xx_dualcore_boot_cm4_cm7.o
LOAD Core/Src/gpio.o
LOAD Core/Src/main.o
LOAD Core/Src/stm32h7xx_hal_msp.o
LOAD Core/Src/stm32h7xx_it.o
LOAD Core/Src/syscalls.o
LOAD Core/Src/sysmem.o
LOAD Core/Src/usart.o
LOAD Core/Startup/startup_stm32h755zitx.o
LOAD Drivers/STM32H7xx_HAL_Driver/stm32h7xx_hal.o
LOAD Drivers/STM32H7xx_HAL_Driver/stm32h7xx_hal_cortex.o
LOAD Drivers/STM32H7xx_HAL_Driver/stm32h7xx_hal_dma.o
LOAD Drivers/STM32H7xx_HAL_Driver/stm32h7xx_hal_dma_ex.o
LOAD Drivers/STM32H7xx_HAL_Driver/stm32h7xx_hal_exti.o
LOAD Drivers/STM32H7xx_HAL_Driver/stm32h7xx_hal_flash.o
LOAD Drivers/STM32H7xx_HAL_Driver/stm32h7xx_hal_flash_ex.o
LOAD Drivers/STM32H7xx_HAL_Driver/stm32h7xx_hal_gpio.o
LOAD Drivers/STM32H7xx_HAL_Driver/stm32h7xx_hal_hsem.o
LOAD Drivers/STM32H7xx_HAL_Driver/stm32h7xx_hal_i2c.o
LOAD Drivers/STM32H7xx_HAL_Driver/stm32h7xx_hal_i2c_ex.o
LOAD Drivers/STM32H7xx_HAL_Driver/stm32h7xx_hal_mdma.o
LOAD Drivers/STM32H7xx_HAL_Driver/stm32h7xx_hal_pwr.o
LOAD Drivers/STM32H7xx_HAL_Driver/stm32h7xx_hal_pwr_ex.o
LOAD Drivers/STM32H7xx_HAL_Driver/stm32h7xx_hal_rcc.o
LOAD Drivers/STM32H7xx_HAL_Driver/stm32h7xx_hal_rcc_ex.o
LOAD Drivers/STM32H7xx_HAL_Driver/stm32h7xx_hal_tim.o
LOAD Drivers/STM32H7xx_HAL_Driver/stm32h7xx_hal_tim_ex.o
LOAD Drivers/STM32H7xx_HAL_Driver/stm32h7xx_hal_uart.o
LOAD Drivers/STM32H7xx_HAL_Driver/stm32h7xx_hal_uart_ex.o
START GROUP
LOAD /Applications/STM32CubeIDE.app/Contents/Eclipse/plugins/com.st.stm32cube.ide.mcu.externaltools.gnu-tools-for-stm32.7-2018-q2-update.macos64_1.4.0.202007081208/tools/bin/../lib/gcc/arm-none-eabi/7.3.1/../../../../arm-none-eabi/lib/thumb/v7e-m/fpv4-sp/hard/libc_nano.a
LOAD /Applications/STM32CubeIDE.app/Contents/Eclipse/plugins/com.st.stm32cube.ide.mcu.externaltools.gnu-tools-for-stm32.7-2018-q2-update.macos64_1.4.0.202007081208/tools/bin/../lib/gcc/arm-none-eabi/7.3.1/../../../../arm-none-eabi/lib/thumb/v7e-m/fpv4-sp/hard/libm.a
END GROUP
START GROUP
LOAD /Applications/STM32CubeIDE.app/Contents/Eclipse/plugins/com.st.stm32cube.ide.mcu.externaltools.gnu-tools-for-stm32.7-2018-q2-update.macos64_1.4.0.202007081208/tools/bin/../lib/gcc/arm-none-eabi/7.3.1/thumb/v7e-m/fpv4-sp/hard/libgcc.a
LOAD /Applications/STM32CubeIDE.app/Contents/Eclipse/plugins/com.st.stm32cube.ide.mcu.externaltools.gnu-tools-for-stm32.7-2018-q2-update.macos64_1.4.0.202007081208/tools/bin/../lib/gcc/arm-none-eabi/7.3.1/../../../../arm-none-eabi/lib/thumb/v7e-m/fpv4-sp/hard/libc_nano.a
END GROUP
START GROUP
LOAD /Applications/STM32CubeIDE.app/Contents/Eclipse/plugins/com.st.stm32cube.ide.mcu.externaltools.gnu-tools-for-stm32.7-2018-q2-update.macos64_1.4.0.202007081208/tools/bin/../lib/gcc/arm-none-eabi/7.3.1/thumb/v7e-m/fpv4-sp/hard/libgcc.a
LOAD /Applications/STM32CubeIDE.app/Contents/Eclipse/plugins/com.st.stm32cube.ide.mcu.externaltools.gnu-tools-for-stm32.7-2018-q2-update.macos64_1.4.0.202007081208/tools/bin/../lib/gcc/arm-none-eabi/7.3.1/../../../../arm-none-eabi/lib/thumb/v7e-m/fpv4-sp/hard/libc_nano.a
LOAD /Applications/STM32CubeIDE.app/Contents/Eclipse/plugins/com.st.stm32cube.ide.mcu.externaltools.gnu-tools-for-stm32.7-2018-q2-update.macos64_1.4.0.202007081208/tools/bin/../lib/gcc/arm-none-eabi/7.3.1/../../../../arm-none-eabi/lib/thumb/v7e-m/fpv4-sp/hard/libnosys.a
END GROUP
START GROUP
LOAD /Applications/STM32CubeIDE.app/Contents/Eclipse/plugins/com.st.stm32cube.ide.mcu.externaltools.gnu-tools-for-stm32.7-2018-q2-update.macos64_1.4.0.202007081208/tools/bin/../lib/gcc/arm-none-eabi/7.3.1/thumb/v7e-m/fpv4-sp/hard/libgcc.a
LOAD /Applications/STM32CubeIDE.app/Contents/Eclipse/plugins/com.st.stm32cube.ide.mcu.externaltools.gnu-tools-for-stm32.7-2018-q2-update.macos64_1.4.0.202007081208/tools/bin/../lib/gcc/arm-none-eabi/7.3.1/../../../../arm-none-eabi/lib/thumb/v7e-m/fpv4-sp/hard/libc_nano.a
LOAD /Applications/STM32CubeIDE.app/Contents/Eclipse/plugins/com.st.stm32cube.ide.mcu.externaltools.gnu-tools-for-stm32.7-2018-q2-update.macos64_1.4.0.202007081208/tools/bin/../lib/gcc/arm-none-eabi/7.3.1/../../../../arm-none-eabi/lib/thumb/v7e-m/fpv4-sp/hard/libnosys.a
END GROUP
LOAD /Applications/STM32CubeIDE.app/Contents/Eclipse/plugins/com.st.stm32cube.ide.mcu.externaltools.gnu-tools-for-stm32.7-2018-q2-update.macos64_1.4.0.202007081208/tools/bin/../lib/gcc/arm-none-eabi/7.3.1/thumb/v7e-m/fpv4-sp/hard/crtend.o
LOAD /Applications/STM32CubeIDE.app/Contents/Eclipse/plugins/com.st.stm32cube.ide.mcu.externaltools.gnu-tools-for-stm32.7-2018-q2-update.macos64_1.4.0.202007081208/tools/bin/../lib/gcc/arm-none-eabi/7.3.1/thumb/v7e-m/fpv4-sp/hard/crtn.o
                0x0000000010048000                _estack = 0x10048000
                0x0000000000000200                _Min_Heap_Size = 0x200
                0x0000000000000400                _Min_Stack_Size = 0x400

.isr_vector     0x0000000008100000      0x298
                0x0000000008100000                . = ALIGN (0x4)
 *(.isr_vector)
 .isr_vector    0x0000000008100000      0x298 Core/Startup/startup_stm32h755zitx.o
                0x0000000008100000                g_pfnVectors
                0x0000000008100298                . = ALIGN (0x4)

.text           0x0000000008100298      0x99c
                0x0000000008100298                . = ALIGN (0x4)
 *(.text)
 .text          0x0000000008100298       0x40 /Applications/STM32CubeIDE.app/Contents/Eclipse/plugins/com.st.stm32cube.ide.mcu.externaltools.gnu-tools-for-stm32.7-2018-q2-update.macos64_1.4.0.202007081208/tools/bin/../lib/gcc/arm-none-eabi/7.3.1/thumb/v7e-m/fpv4-sp/hard/crtbegin.o
 *(.text*)
 .text.SystemInit
                0x00000000081002d8       0x38 Common/Src/system_stm32h7xx_dualcore_boot_cm4_cm7.o
                0x00000000081002d8                SystemInit
 .text.MX_GPIO_Init
                0x0000000008100310        0xe Core/Src/gpio.o
                0x0000000008100310                MX_GPIO_Init
 *fill*         0x000000000810031e        0x2 
 .text.main     0x0000000008100320       0x80 Core/Src/main.o
                0x0000000008100320                main
 .text.HAL_MspInit
                0x00000000081003a0       0x34 Core/Src/stm32h7xx_hal_msp.o
                0x00000000081003a0                HAL_MspInit
 .text.NMI_Handler
                0x00000000081003d4        0xe Core/Src/stm32h7xx_it.o
                0x00000000081003d4                NMI_Handler
 .text.HardFault_Handler
                0x00000000081003e2        0x6 Core/Src/stm32h7xx_it.o
                0x00000000081003e2                HardFault_Handler
 .text.MemManage_Handler
                0x00000000081003e8        0x6 Core/Src/stm32h7xx_it.o
                0x00000000081003e8                MemManage_Handler
 .text.BusFault_Handler
                0x00000000081003ee        0x6 Core/Src/stm32h7xx_it.o
                0x00000000081003ee                BusFault_Handler
 .text.UsageFault_Handler
                0x00000000081003f4        0x6 Core/Src/stm32h7xx_it.o
                0x00000000081003f4                UsageFault_Handler
 .text.SVC_Handler
                0x00000000081003fa        0xe Core/Src/stm32h7xx_it.o
                0x00000000081003fa                SVC_Handler
 .text.DebugMon_Handler
                0x0000000008100408        0xe Core/Src/stm32h7xx_it.o
                0x0000000008100408                DebugMon_Handler
 .text.PendSV_Handler
                0x0000000008100416        0xe Core/Src/stm32h7xx_it.o
                0x0000000008100416                PendSV_Handler
 .text.SysTick_Handler
                0x0000000008100424        0xc Core/Src/stm32h7xx_it.o
                0x0000000008100424                SysTick_Handler
 .text.Reset_Handler
                0x0000000008100430       0x50 Core/Startup/startup_stm32h755zitx.o
                0x0000000008100430                Reset_Handler
 .text.Default_Handler
                0x0000000008100480        0x2 Core/Startup/startup_stm32h755zitx.o
                0x0000000008100480                DMA1_Stream3_IRQHandler
                0x0000000008100480                HASH_RNG_IRQHandler
                0x0000000008100480                EXTI2_IRQHandler
                0x0000000008100480                TIM8_CC_IRQHandler
                0x0000000008100480                HRTIM1_Master_IRQHandler
                0x0000000008100480                UART8_IRQHandler
                0x0000000008100480                SPI4_IRQHandler
                0x0000000008100480                TIM1_CC_IRQHandler
                0x0000000008100480                BDMA_Channel6_IRQHandler
                0x0000000008100480                DMA2_Stream5_IRQHandler
                0x0000000008100480                HRTIM1_FLT_IRQHandler
                0x0000000008100480                JPEG_IRQHandler
                0x0000000008100480                DMA1_Stream5_IRQHandler
                0x0000000008100480                BDMA_Channel1_IRQHandler
                0x0000000008100480                HRTIM1_TIMD_IRQHandler
                0x0000000008100480                TAMP_STAMP_IRQHandler
                0x0000000008100480                EXTI3_IRQHandler
                0x0000000008100480                LPTIM4_IRQHandler
                0x0000000008100480                TIM8_TRG_COM_TIM14_IRQHandler
                0x0000000008100480                LPTIM2_IRQHandler
                0x0000000008100480                DFSDM1_FLT1_IRQHandler
                0x0000000008100480                DMAMUX2_OVR_IRQHandler
                0x0000000008100480                TIM8_UP_TIM13_IRQHandler
                0x0000000008100480                I2C3_ER_IRQHandler
                0x0000000008100480                DFSDM1_FLT2_IRQHandler
                0x0000000008100480                MDMA_IRQHandler
                0x0000000008100480                LPTIM3_IRQHandler
                0x0000000008100480                HSEM1_IRQHandler
                0x0000000008100480                EXTI0_IRQHandler
                0x0000000008100480                I2C2_EV_IRQHandler
                0x0000000008100480                DMA1_Stream2_IRQHandler
                0x0000000008100480                FPU_IRQHandler
                0x0000000008100480                OTG_HS_WKUP_IRQHandler
                0x0000000008100480                FDCAN1_IT1_IRQHandler
                0x0000000008100480                LTDC_ER_IRQHandler
                0x0000000008100480                DMA2_Stream2_IRQHandler
                0x0000000008100480                HRTIM1_TIME_IRQHandler
                0x0000000008100480                SPI1_IRQHandler
                0x0000000008100480                TIM6_DAC_IRQHandler
                0x0000000008100480                DCMI_IRQHandler
                0x0000000008100480                HRTIM1_TIMC_IRQHandler
                0x0000000008100480                DMA2_Stream3_IRQHandler
                0x0000000008100480                SAI2_IRQHandler
                0x0000000008100480                DFSDM1_FLT3_IRQHandler
                0x0000000008100480                USART6_IRQHandler
                0x0000000008100480                TIM17_IRQHandler
                0x0000000008100480                USART3_IRQHandler
                0x0000000008100480                BDMA_Channel7_IRQHandler
                0x0000000008100480                CRYP_IRQHandler
                0x0000000008100480                LPTIM5_IRQHandler
                0x0000000008100480                UART5_IRQHandler
                0x0000000008100480                ADC3_IRQHandler
                0x0000000008100480                DMA2_Stream0_IRQHandler
                0x0000000008100480                TIM4_IRQHandler
                0x0000000008100480                BDMA_Channel2_IRQHandler
                0x0000000008100480                QUADSPI_IRQHandler
                0x0000000008100480                I2C1_EV_IRQHandler
                0x0000000008100480                DMA1_Stream6_IRQHandler
                0x0000000008100480                DMAMUX1_OVR_IRQHandler
                0x0000000008100480                DMA1_Stream1_IRQHandler
                0x0000000008100480                TIM16_IRQHandler
                0x0000000008100480                UART4_IRQHandler
                0x0000000008100480                BDMA_Channel5_IRQHandler
                0x0000000008100480                TIM3_IRQHandler
                0x0000000008100480                RCC_IRQHandler
                0x0000000008100480                TIM8_BRK_TIM12_IRQHandler
                0x0000000008100480                TIM1_TRG_COM_IRQHandler
                0x0000000008100480                Default_Handler
                0x0000000008100480                ECC_IRQHandler
                0x0000000008100480                CEC_IRQHandler
                0x0000000008100480                EXTI15_10_IRQHandler
                0x0000000008100480                BDMA_Channel0_IRQHandler
                0x0000000008100480                ADC_IRQHandler
                0x0000000008100480                DMA1_Stream7_IRQHandler
                0x0000000008100480                HRTIM1_TIMA_IRQHandler
                0x0000000008100480                SPI5_IRQHandler
                0x0000000008100480                TIM7_IRQHandler
                0x0000000008100480                SDMMC1_IRQHandler
                0x0000000008100480                TIM5_IRQHandler
                0x0000000008100480                DMA2_Stream7_IRQHandler
                0x0000000008100480                TIM15_IRQHandler
                0x0000000008100480                PVD_AVD_IRQHandler
                0x0000000008100480                I2C3_EV_IRQHandler
                0x0000000008100480                EXTI9_5_IRQHandler
                0x0000000008100480                RTC_WKUP_IRQHandler
                0x0000000008100480                LTDC_IRQHandler
                0x0000000008100480                SAI3_IRQHandler
                0x0000000008100480                ETH_WKUP_IRQHandler
                0x0000000008100480                SPDIF_RX_IRQHandler
                0x0000000008100480                SPI2_IRQHandler
                0x0000000008100480                OTG_HS_EP1_IN_IRQHandler
                0x0000000008100480                DMA1_Stream0_IRQHandler
                0x0000000008100480                CRS_IRQHandler
                0x0000000008100480                CM7_SEV_IRQHandler
                0x0000000008100480                EXTI4_IRQHandler
                0x0000000008100480                CM4_SEV_IRQHandler
                0x0000000008100480                HRTIM1_TIMB_IRQHandler
                0x0000000008100480                FDCAN2_IT1_IRQHandler
                0x0000000008100480                ETH_IRQHandler
                0x0000000008100480                TIM1_UP_IRQHandler
                0x0000000008100480                WWDG_RST_IRQHandler
                0x0000000008100480                BDMA_Channel4_IRQHandler
                0x0000000008100480                OTG_HS_EP1_OUT_IRQHandler
                0x0000000008100480                WWDG_IRQHandler
                0x0000000008100480                SPI6_IRQHandler
                0x0000000008100480                MDIOS_IRQHandler
                0x0000000008100480                I2C4_EV_IRQHandler
                0x0000000008100480                FDCAN2_IT0_IRQHandler
                0x0000000008100480                LPUART1_IRQHandler
                0x0000000008100480                FDCAN1_IT0_IRQHandler
                0x0000000008100480                TIM2_IRQHandler
                0x0000000008100480                OTG_FS_WKUP_IRQHandler
                0x0000000008100480                OTG_HS_IRQHandler
                0x0000000008100480                HSEM2_IRQHandler
                0x0000000008100480                DMA2D_IRQHandler
                0x0000000008100480                TIM1_BRK_IRQHandler
                0x0000000008100480                EXTI1_IRQHandler
                0x0000000008100480                SDMMC2_IRQHandler
                0x0000000008100480                OTG_FS_EP1_OUT_IRQHandler
                0x0000000008100480                BDMA_Channel3_IRQHandler
                0x0000000008100480                HOLD_CORE_IRQHandler
                0x0000000008100480                UART7_IRQHandler
                0x0000000008100480                MDIOS_WKUP_IRQHandler
                0x0000000008100480                USART2_IRQHandler
                0x0000000008100480                DFSDM1_FLT0_IRQHandler
                0x0000000008100480                SAI4_IRQHandler
                0x0000000008100480                I2C2_ER_IRQHandler
                0x0000000008100480                DMA2_Stream1_IRQHandler
                0x0000000008100480                FLASH_IRQHandler
                0x0000000008100480                DMA2_Stream4_IRQHandler
                0x0000000008100480                USART1_IRQHandler
                0x0000000008100480                OTG_FS_IRQHandler
                0x0000000008100480                SPI3_IRQHandler
                0x0000000008100480                WAKEUP_PIN_IRQHandler
                0x0000000008100480                DMA1_Stream4_IRQHandler
                0x0000000008100480                OTG_FS_EP1_IN_IRQHandler
                0x0000000008100480                I2C1_ER_IRQHandler
                0x0000000008100480                FMC_IRQHandler
                0x0000000008100480                FDCAN_CAL_IRQHandler
                0x0000000008100480                SWPMI1_IRQHandler
                0x0000000008100480                COMP1_IRQHandler
                0x0000000008100480                LPTIM1_IRQHandler
                0x0000000008100480                I2C4_ER_IRQHandler
                0x0000000008100480                DMA2_Stream6_IRQHandler
                0x0000000008100480                SAI1_IRQHandler
                0x0000000008100480                RTC_Alarm_IRQHandler
 *fill*         0x0000000008100482        0x2 
 .text.HAL_Init
                0x0000000008100484       0xbc Drivers/STM32H7xx_HAL_Driver/stm32h7xx_hal.o
                0x0000000008100484                HAL_Init
 .text.HAL_InitTick
                0x0000000008100540       0x6c Drivers/STM32H7xx_HAL_Driver/stm32h7xx_hal.o
                0x0000000008100540                HAL_InitTick
 .text.HAL_IncTick
                0x00000000081005ac       0x28 Drivers/STM32H7xx_HAL_Driver/stm32h7xx_hal.o
                0x00000000081005ac                HAL_IncTick
 .text.__NVIC_SetPriorityGrouping
                0x00000000081005d4       0x48 Drivers/STM32H7xx_HAL_Driver/stm32h7xx_hal_cortex.o
 .text.__NVIC_GetPriorityGrouping
                0x000000000810061c       0x1c Drivers/STM32H7xx_HAL_Driver/stm32h7xx_hal_cortex.o
 .text.__NVIC_SetPriority
                0x0000000008100638       0x54 Drivers/STM32H7xx_HAL_Driver/stm32h7xx_hal_cortex.o
 .text.NVIC_EncodePriority
                0x000000000810068c       0x66 Drivers/STM32H7xx_HAL_Driver/stm32h7xx_hal_cortex.o
 *fill*         0x00000000081006f2        0x2 
 .text.SysTick_Config
                0x00000000081006f4       0x44 Drivers/STM32H7xx_HAL_Driver/stm32h7xx_hal_cortex.o
 .text.HAL_NVIC_SetPriorityGrouping
                0x0000000008100738       0x16 Drivers/STM32H7xx_HAL_Driver/stm32h7xx_hal_cortex.o
                0x0000000008100738                HAL_NVIC_SetPriorityGrouping
 .text.HAL_NVIC_SetPriority
                0x000000000810074e       0x34 Drivers/STM32H7xx_HAL_Driver/stm32h7xx_hal_cortex.o
                0x000000000810074e                HAL_NVIC_SetPriority
 .text.HAL_SYSTICK_Config
                0x0000000008100782       0x18 Drivers/STM32H7xx_HAL_Driver/stm32h7xx_hal_cortex.o
                0x0000000008100782                HAL_SYSTICK_Config
 *fill*         0x000000000810079a        0x2 
 .text.HAL_GetCurrentCPUID
                0x000000000810079c       0x28 Drivers/STM32H7xx_HAL_Driver/stm32h7xx_hal_cortex.o
                0x000000000810079c                HAL_GetCurrentCPUID
 .text.HAL_HSEM_ActivateNotification
                0x00000000081007c4       0x24 Drivers/STM32H7xx_HAL_Driver/stm32h7xx_hal_hsem.o
                0x00000000081007c4                HAL_HSEM_ActivateNotification
 .text.HAL_PWREx_EnterSTOPMode
                0x00000000081007e8       0xec Drivers/STM32H7xx_HAL_Driver/stm32h7xx_hal_pwr_ex.o
                0x00000000081007e8                HAL_PWREx_EnterSTOPMode
 .text.HAL_PWREx_ClearPendingEvent
                0x00000000081008d4       0x1a Drivers/STM32H7xx_HAL_Driver/stm32h7xx_hal_pwr_ex.o
                0x00000000081008d4                HAL_PWREx_ClearPendingEvent
 *fill*         0x00000000081008ee        0x2 
 .text.HAL_RCC_GetSysClockFreq
                0x00000000081008f0      0x2e4 Drivers/STM32H7xx_HAL_Driver/stm32h7xx_hal_rcc.o
                0x00000000081008f0                HAL_RCC_GetSysClockFreq
 .text.__libc_init_array
                0x0000000008100bd4       0x48 /Applications/STM32CubeIDE.app/Contents/Eclipse/plugins/com.st.stm32cube.ide.mcu.externaltools.gnu-tools-for-stm32.7-2018-q2-update.macos64_1.4.0.202007081208/tools/bin/../lib/gcc/arm-none-eabi/7.3.1/../../../../arm-none-eabi/lib/thumb/v7e-m/fpv4-sp/hard/libc_nano.a(lib_a-init.o)
                0x0000000008100bd4                __libc_init_array
 *(.glue_7)
 .glue_7        0x0000000008100c1c        0x0 linker stubs
 *(.glue_7t)
 .glue_7t       0x0000000008100c1c        0x0 linker stubs
 *(.eh_frame)
 .eh_frame      0x0000000008100c1c        0x0 /Applications/STM32CubeIDE.app/Contents/Eclipse/plugins/com.st.stm32cube.ide.mcu.externaltools.gnu-tools-for-stm32.7-2018-q2-update.macos64_1.4.0.202007081208/tools/bin/../lib/gcc/arm-none-eabi/7.3.1/thumb/v7e-m/fpv4-sp/hard/crtbegin.o
 *(.init)
 .init          0x0000000008100c1c        0x4 /Applications/STM32CubeIDE.app/Contents/Eclipse/plugins/com.st.stm32cube.ide.mcu.externaltools.gnu-tools-for-stm32.7-2018-q2-update.macos64_1.4.0.202007081208/tools/bin/../lib/gcc/arm-none-eabi/7.3.1/thumb/v7e-m/fpv4-sp/hard/crti.o
                0x0000000008100c1c                _init
 .init          0x0000000008100c20        0x8 /Applications/STM32CubeIDE.app/Contents/Eclipse/plugins/com.st.stm32cube.ide.mcu.externaltools.gnu-tools-for-stm32.7-2018-q2-update.macos64_1.4.0.202007081208/tools/bin/../lib/gcc/arm-none-eabi/7.3.1/thumb/v7e-m/fpv4-sp/hard/crtn.o
 *(.fini)
 .fini          0x0000000008100c28        0x4 /Applications/STM32CubeIDE.app/Contents/Eclipse/plugins/com.st.stm32cube.ide.mcu.externaltools.gnu-tools-for-stm32.7-2018-q2-update.macos64_1.4.0.202007081208/tools/bin/../lib/gcc/arm-none-eabi/7.3.1/thumb/v7e-m/fpv4-sp/hard/crti.o
                0x0000000008100c28                _fini
 .fini          0x0000000008100c2c        0x8 /Applications/STM32CubeIDE.app/Contents/Eclipse/plugins/com.st.stm32cube.ide.mcu.externaltools.gnu-tools-for-stm32.7-2018-q2-update.macos64_1.4.0.202007081208/tools/bin/../lib/gcc/arm-none-eabi/7.3.1/thumb/v7e-m/fpv4-sp/hard/crtn.o
                0x0000000008100c34                . = ALIGN (0x4)
                0x0000000008100c34                _etext = .

.vfp11_veneer   0x0000000008100c34        0x0
 .vfp11_veneer  0x0000000008100c34        0x0 linker stubs

.v4_bx          0x0000000008100c34        0x0
 .v4_bx         0x0000000008100c34        0x0 linker stubs

.iplt           0x0000000008100c34        0x0
 .iplt          0x0000000008100c34        0x0 /Applications/STM32CubeIDE.app/Contents/Eclipse/plugins/com.st.stm32cube.ide.mcu.externaltools.gnu-tools-for-stm32.7-2018-q2-update.macos64_1.4.0.202007081208/tools/bin/../lib/gcc/arm-none-eabi/7.3.1/thumb/v7e-m/fpv4-sp/hard/crtbegin.o

.rodata         0x0000000008100c34       0x10
                0x0000000008100c34                . = ALIGN (0x4)
 *(.rodata)
 *(.rodata*)
 .rodata.D1CorePrescTable
                0x0000000008100c34       0x10 Common/Src/system_stm32h7xx_dualcore_boot_cm4_cm7.o
                0x0000000008100c34                D1CorePrescTable
                0x0000000008100c44                . = ALIGN (0x4)

.rel.dyn        0x0000000008100c44        0x0
 .rel.iplt      0x0000000008100c44        0x0 /Applications/STM32CubeIDE.app/Contents/Eclipse/plugins/com.st.stm32cube.ide.mcu.externaltools.gnu-tools-for-stm32.7-2018-q2-update.macos64_1.4.0.202007081208/tools/bin/../lib/gcc/arm-none-eabi/7.3.1/thumb/v7e-m/fpv4-sp/hard/crtbegin.o

.ARM.extab
 *(.ARM.extab* .gnu.linkonce.armextab.*)

.ARM            0x0000000008100c44        0x0
                0x0000000008100c44                __exidx_start = .
 *(.ARM.exidx*)
                0x0000000008100c44                __exidx_end = .

.preinit_array  0x0000000008100c44        0x0
                0x0000000008100c44                PROVIDE (__preinit_array_start = .)
 *(.preinit_array*)
                0x0000000008100c44                PROVIDE (__preinit_array_end = .)

.init_array     0x0000000008100c44        0x4
                0x0000000008100c44                PROVIDE (__init_array_start = .)
 *(SORT_BY_NAME(.init_array.*))
 *(.init_array*)
 .init_array    0x0000000008100c44        0x4 /Applications/STM32CubeIDE.app/Contents/Eclipse/plugins/com.st.stm32cube.ide.mcu.externaltools.gnu-tools-for-stm32.7-2018-q2-update.macos64_1.4.0.202007081208/tools/bin/../lib/gcc/arm-none-eabi/7.3.1/thumb/v7e-m/fpv4-sp/hard/crtbegin.o
                0x0000000008100c48                PROVIDE (__init_array_end = .)

.fini_array     0x0000000008100c48        0x4
                [!provide]                        PROVIDE (__fini_array_start = .)
 *(SORT_BY_NAME(.fini_array.*))
 *(.fini_array*)
 .fini_array    0x0000000008100c48        0x4 /Applications/STM32CubeIDE.app/Contents/Eclipse/plugins/com.st.stm32cube.ide.mcu.externaltools.gnu-tools-for-stm32.7-2018-q2-update.macos64_1.4.0.202007081208/tools/bin/../lib/gcc/arm-none-eabi/7.3.1/thumb/v7e-m/fpv4-sp/hard/crtbegin.o
                [!provide]                        PROVIDE (__fini_array_end = .)
                0x0000000008100c4c                _sidata = LOADADDR (.data)

.data           0x0000000010000000       0x10 load address 0x0000000008100c4c
                0x0000000010000000                . = ALIGN (0x4)
                0x0000000010000000                _sdata = .
 *(.data)
 *(.data*)
 .data.SystemCoreClock
                0x0000000010000000        0x4 Common/Src/system_stm32h7xx_dualcore_boot_cm4_cm7.o
                0x0000000010000000                SystemCoreClock
 .data.SystemD2Clock
                0x0000000010000004        0x4 Common/Src/system_stm32h7xx_dualcore_boot_cm4_cm7.o
                0x0000000010000004                SystemD2Clock
 .data.uwTickPrio
                0x0000000010000008        0x4 Drivers/STM32H7xx_HAL_Driver/stm32h7xx_hal.o
                0x0000000010000008                uwTickPrio
 .data.uwTickFreq
                0x000000001000000c        0x1 Drivers/STM32H7xx_HAL_Driver/stm32h7xx_hal.o
                0x000000001000000c                uwTickFreq
                0x0000000010000010                . = ALIGN (0x4)
 *fill*         0x000000001000000d        0x3 
                0x0000000010000010                _edata = .

.igot.plt       0x0000000010000010        0x0 load address 0x0000000008100c5c
 .igot.plt      0x0000000010000010        0x0 /Applications/STM32CubeIDE.app/Contents/Eclipse/plugins/com.st.stm32cube.ide.mcu.externaltools.gnu-tools-for-stm32.7-2018-q2-update.macos64_1.4.0.202007081208/tools/bin/../lib/gcc/arm-none-eabi/7.3.1/thumb/v7e-m/fpv4-sp/hard/crtbegin.o
                0x0000000010000010                . = ALIGN (0x4)

.bss            0x0000000010000010       0x20 load address 0x0000000008100c5c
                0x0000000010000010                _sbss = .
                0x0000000010000010                __bss_start__ = _sbss
 *(.bss)
 .bss           0x0000000010000010       0x1c /Applications/STM32CubeIDE.app/Contents/Eclipse/plugins/com.st.stm32cube.ide.mcu.externaltools.gnu-tools-for-stm32.7-2018-q2-update.macos64_1.4.0.202007081208/tools/bin/../lib/gcc/arm-none-eabi/7.3.1/thumb/v7e-m/fpv4-sp/hard/crtbegin.o
 *(.bss*)
 *(COMMON)
 COMMON         0x000000001000002c        0x4 Drivers/STM32H7xx_HAL_Driver/stm32h7xx_hal.o
                0x000000001000002c                uwTick
                0x0000000010000030                . = ALIGN (0x4)
                0x0000000010000030                _ebss = .
                0x0000000010000030                __bss_end__ = _ebss

._user_heap_stack
                0x0000000010000030      0x600 load address 0x0000000008100c5c
                0x0000000010000030                . = ALIGN (0x8)
                [!provide]                        PROVIDE (end = .)
                0x0000000010000030                PROVIDE (_end = .)
                0x0000000010000230                . = (. + _Min_Heap_Size)
 *fill*         0x0000000010000030      0x200 
                0x0000000010000630                . = (. + _Min_Stack_Size)
 *fill*         0x0000000010000230      0x400 
                0x0000000010000630                . = ALIGN (0x8)

/DISCARD/
 libc.a(*)
 libm.a(*)
 libgcc.a(*)

.ARM.attributes
                0x0000000000000000       0x30
 *(.ARM.attributes)
 .ARM.attributes
                0x0000000000000000       0x22 /Applications/STM32CubeIDE.app/Contents/Eclipse/plugins/com.st.stm32cube.ide.mcu.externaltools.gnu-tools-for-stm32.7-2018-q2-update.macos64_1.4.0.202007081208/tools/bin/../lib/gcc/arm-none-eabi/7.3.1/thumb/v7e-m/fpv4-sp/hard/crti.o
 .ARM.attributes
                0x0000000000000022       0x34 /Applications/STM32CubeIDE.app/Contents/Eclipse/plugins/com.st.stm32cube.ide.mcu.externaltools.gnu-tools-for-stm32.7-2018-q2-update.macos64_1.4.0.202007081208/tools/bin/../lib/gcc/arm-none-eabi/7.3.1/thumb/v7e-m/fpv4-sp/hard/crtbegin.o
 .ARM.attributes
                0x0000000000000056       0x39 Common/Src/system_stm32h7xx_dualcore_boot_cm4_cm7.o
 .ARM.attributes
                0x000000000000008f       0x39 Core/Src/gpio.o
 .ARM.attributes
                0x00000000000000c8       0x39 Core/Src/main.o
 .ARM.attributes
                0x0000000000000101       0x39 Core/Src/stm32h7xx_hal_msp.o
 .ARM.attributes
                0x000000000000013a       0x39 Core/Src/stm32h7xx_it.o
 .ARM.attributes
                0x0000000000000173       0x21 Core/Startup/startup_stm32h755zitx.o
 .ARM.attributes
                0x0000000000000194       0x39 Drivers/STM32H7xx_HAL_Driver/stm32h7xx_hal.o
 .ARM.attributes
                0x00000000000001cd       0x39 Drivers/STM32H7xx_HAL_Driver/stm32h7xx_hal_cortex.o
 .ARM.attributes
                0x0000000000000206       0x39 Drivers/STM32H7xx_HAL_Driver/stm32h7xx_hal_hsem.o
 .ARM.attributes
                0x000000000000023f       0x39 Drivers/STM32H7xx_HAL_Driver/stm32h7xx_hal_pwr_ex.o
 .ARM.attributes
                0x0000000000000278       0x39 Drivers/STM32H7xx_HAL_Driver/stm32h7xx_hal_rcc.o
 .ARM.attributes
                0x00000000000002b1       0x34 /Applications/STM32CubeIDE.app/Contents/Eclipse/plugins/com.st.stm32cube.ide.mcu.externaltools.gnu-tools-for-stm32.7-2018-q2-update.macos64_1.4.0.202007081208/tools/bin/../lib/gcc/arm-none-eabi/7.3.1/../../../../arm-none-eabi/lib/thumb/v7e-m/fpv4-sp/hard/libc_nano.a(lib_a-init.o)
 .ARM.attributes
                0x00000000000002e5       0x22 /Applications/STM32CubeIDE.app/Contents/Eclipse/plugins/com.st.stm32cube.ide.mcu.externaltools.gnu-tools-for-stm32.7-2018-q2-update.macos64_1.4.0.202007081208/tools/bin/../lib/gcc/arm-none-eabi/7.3.1/thumb/v7e-m/fpv4-sp/hard/crtn.o
OUTPUT(weather_station_CM4.elf elf32-littlearm)

.debug_info     0x0000000000000000     0xc5fa
 .debug_info    0x0000000000000000     0x10ea Common/Src/system_stm32h7xx_dualcore_boot_cm4_cm7.o
 .debug_info    0x00000000000010ea      0xaea Core/Src/gpio.o
 .debug_info    0x0000000000001bd4     0x170e Core/Src/main.o
 .debug_info    0x00000000000032e2      0xe8f Core/Src/stm32h7xx_hal_msp.o
 .debug_info    0x0000000000004171      0xb72 Core/Src/stm32h7xx_it.o
 .debug_info    0x0000000000004ce3       0x22 Core/Startup/startup_stm32h755zitx.o
 .debug_info    0x0000000000004d05     0x20ac Drivers/STM32H7xx_HAL_Driver/stm32h7xx_hal.o
 .debug_info    0x0000000000006db1     0x1912 Drivers/STM32H7xx_HAL_Driver/stm32h7xx_hal_cortex.o
 .debug_info    0x00000000000086c3      0xdfe Drivers/STM32H7xx_HAL_Driver/stm32h7xx_hal_hsem.o
 .debug_info    0x00000000000094c1     0x1975 Drivers/STM32H7xx_HAL_Driver/stm32h7xx_hal_pwr_ex.o
 .debug_info    0x000000000000ae36     0x17c4 Drivers/STM32H7xx_HAL_Driver/stm32h7xx_hal_rcc.o

.debug_abbrev   0x0000000000000000     0x1909
 .debug_abbrev  0x0000000000000000      0x21f Common/Src/system_stm32h7xx_dualcore_boot_cm4_cm7.o
 .debug_abbrev  0x000000000000021f      0x1b1 Core/Src/gpio.o
 .debug_abbrev  0x00000000000003d0      0x21b Core/Src/main.o
 .debug_abbrev  0x00000000000005eb      0x1e5 Core/Src/stm32h7xx_hal_msp.o
 .debug_abbrev  0x00000000000007d0      0x1c9 Core/Src/stm32h7xx_it.o
 .debug_abbrev  0x0000000000000999       0x12 Core/Startup/startup_stm32h755zitx.o
 .debug_abbrev  0x00000000000009ab      0x2e2 Drivers/STM32H7xx_HAL_Driver/stm32h7xx_hal.o
 .debug_abbrev  0x0000000000000c8d      0x3b5 Drivers/STM32H7xx_HAL_Driver/stm32h7xx_hal_cortex.o
 .debug_abbrev  0x0000000000001042      0x2ab Drivers/STM32H7xx_HAL_Driver/stm32h7xx_hal_hsem.o
 .debug_abbrev  0x00000000000012ed      0x33a Drivers/STM32H7xx_HAL_Driver/stm32h7xx_hal_pwr_ex.o
 .debug_abbrev  0x0000000000001627      0x2e2 Drivers/STM32H7xx_HAL_Driver/stm32h7xx_hal_rcc.o

.debug_aranges  0x0000000000000000      0x6c0
 .debug_aranges
                0x0000000000000000       0x28 Common/Src/system_stm32h7xx_dualcore_boot_cm4_cm7.o
 .debug_aranges
                0x0000000000000028       0x20 Core/Src/gpio.o
 .debug_aranges
                0x0000000000000048       0x28 Core/Src/main.o
 .debug_aranges
                0x0000000000000070       0x20 Core/Src/stm32h7xx_hal_msp.o
 .debug_aranges
                0x0000000000000090       0x60 Core/Src/stm32h7xx_it.o
 .debug_aranges
                0x00000000000000f0       0x28 Core/Startup/startup_stm32h755zitx.o
 .debug_aranges
                0x0000000000000118      0x220 Drivers/STM32H7xx_HAL_Driver/stm32h7xx_hal.o
 .debug_aranges
                0x0000000000000338      0x120 Drivers/STM32H7xx_HAL_Driver/stm32h7xx_hal_cortex.o
 .debug_aranges
                0x0000000000000458       0x70 Drivers/STM32H7xx_HAL_Driver/stm32h7xx_hal_hsem.o
 .debug_aranges
                0x00000000000004c8      0x170 Drivers/STM32H7xx_HAL_Driver/stm32h7xx_hal_pwr_ex.o
 .debug_aranges
                0x0000000000000638       0x88 Drivers/STM32H7xx_HAL_Driver/stm32h7xx_hal_rcc.o

.debug_ranges   0x0000000000000000      0x618
 .debug_ranges  0x0000000000000000       0x18 Common/Src/system_stm32h7xx_dualcore_boot_cm4_cm7.o
 .debug_ranges  0x0000000000000018       0x10 Core/Src/gpio.o
 .debug_ranges  0x0000000000000028       0x18 Core/Src/main.o
 .debug_ranges  0x0000000000000040       0x10 Core/Src/stm32h7xx_hal_msp.o
 .debug_ranges  0x0000000000000050       0x50 Core/Src/stm32h7xx_it.o
 .debug_ranges  0x00000000000000a0       0x20 Core/Startup/startup_stm32h755zitx.o
 .debug_ranges  0x00000000000000c0      0x210 Drivers/STM32H7xx_HAL_Driver/stm32h7xx_hal.o
 .debug_ranges  0x00000000000002d0      0x110 Drivers/STM32H7xx_HAL_Driver/stm32h7xx_hal_cortex.o
 .debug_ranges  0x00000000000003e0       0x60 Drivers/STM32H7xx_HAL_Driver/stm32h7xx_hal_hsem.o
 .debug_ranges  0x0000000000000440      0x160 Drivers/STM32H7xx_HAL_Driver/stm32h7xx_hal_pwr_ex.o
 .debug_ranges  0x00000000000005a0       0x78 Drivers/STM32H7xx_HAL_Driver/stm32h7xx_hal_rcc.o

.debug_macro    0x0000000000000000    0x379fa
 .debug_macro   0x0000000000000000      0x28f Common/Src/system_stm32h7xx_dualcore_boot_cm4_cm7.o
 .debug_macro   0x000000000000028f      0xa60 Common/Src/system_stm32h7xx_dualcore_boot_cm4_cm7.o
 .debug_macro   0x0000000000000cef       0x2e Common/Src/system_stm32h7xx_dualcore_boot_cm4_cm7.o
 .debug_macro   0x0000000000000d1d       0x3b Common/Src/system_stm32h7xx_dualcore_boot_cm4_cm7.o
 .debug_macro   0x0000000000000d58       0x22 Common/Src/system_stm32h7xx_dualcore_boot_cm4_cm7.o
 .debug_macro   0x0000000000000d7a       0x8e Common/Src/system_stm32h7xx_dualcore_boot_cm4_cm7.o
 .debug_macro   0x0000000000000e08       0x51 Common/Src/system_stm32h7xx_dualcore_boot_cm4_cm7.o
 .debug_macro   0x0000000000000e59       0xef Common/Src/system_stm32h7xx_dualcore_boot_cm4_cm7.o
 .debug_macro   0x0000000000000f48       0x6a Common/Src/system_stm32h7xx_dualcore_boot_cm4_cm7.o
 .debug_macro   0x0000000000000fb2      0x1df Common/Src/system_stm32h7xx_dualcore_boot_cm4_cm7.o
 .debug_macro   0x0000000000001191       0x1c Common/Src/system_stm32h7xx_dualcore_boot_cm4_cm7.o
 .debug_macro   0x00000000000011ad       0x22 Common/Src/system_stm32h7xx_dualcore_boot_cm4_cm7.o
 .debug_macro   0x00000000000011cf       0xdf Common/Src/system_stm32h7xx_dualcore_boot_cm4_cm7.o
 .debug_macro   0x00000000000012ae     0x102d Common/Src/system_stm32h7xx_dualcore_boot_cm4_cm7.o
 .debug_macro   0x00000000000022db      0x11f Common/Src/system_stm32h7xx_dualcore_boot_cm4_cm7.o
 .debug_macro   0x00000000000023fa    0x26e86 Common/Src/system_stm32h7xx_dualcore_boot_cm4_cm7.o
 .debug_macro   0x0000000000029280       0x43 Common/Src/system_stm32h7xx_dualcore_boot_cm4_cm7.o
 .debug_macro   0x00000000000292c3      0x232 Common/Src/system_stm32h7xx_dualcore_boot_cm4_cm7.o
 .debug_macro   0x00000000000294f5     0x3cd3 Common/Src/system_stm32h7xx_dualcore_boot_cm4_cm7.o
 .debug_macro   0x000000000002d1c8      0x174 Common/Src/system_stm32h7xx_dualcore_boot_cm4_cm7.o
 .debug_macro   0x000000000002d33c       0x46 Common/Src/system_stm32h7xx_dualcore_boot_cm4_cm7.o
 .debug_macro   0x000000000002d382       0x18 Common/Src/system_stm32h7xx_dualcore_boot_cm4_cm7.o
 .debug_macro   0x000000000002d39a       0x3c Common/Src/system_stm32h7xx_dualcore_boot_cm4_cm7.o
 .debug_macro   0x000000000002d3d6       0x34 Common/Src/system_stm32h7xx_dualcore_boot_cm4_cm7.o
 .debug_macro   0x000000000002d40a       0x52 Common/Src/system_stm32h7xx_dualcore_boot_cm4_cm7.o
 .debug_macro   0x000000000002d45c       0x1f Common/Src/system_stm32h7xx_dualcore_boot_cm4_cm7.o
 .debug_macro   0x000000000002d47b       0x43 Common/Src/system_stm32h7xx_dualcore_boot_cm4_cm7.o
 .debug_macro   0x000000000002d4be       0x20 Common/Src/system_stm32h7xx_dualcore_boot_cm4_cm7.o
 .debug_macro   0x000000000002d4de      0x1a3 Common/Src/system_stm32h7xx_dualcore_boot_cm4_cm7.o
 .debug_macro   0x000000000002d681      0x32a Common/Src/system_stm32h7xx_dualcore_boot_cm4_cm7.o
 .debug_macro   0x000000000002d9ab      0x1e1 Common/Src/system_stm32h7xx_dualcore_boot_cm4_cm7.o
 .debug_macro   0x000000000002db8c       0x54 Common/Src/system_stm32h7xx_dualcore_boot_cm4_cm7.o
 .debug_macro   0x000000000002dbe0     0x3b99 Common/Src/system_stm32h7xx_dualcore_boot_cm4_cm7.o
 .debug_macro   0x0000000000031779     0x104f Common/Src/system_stm32h7xx_dualcore_boot_cm4_cm7.o
 .debug_macro   0x00000000000327c8      0x138 Common/Src/system_stm32h7xx_dualcore_boot_cm4_cm7.o
 .debug_macro   0x0000000000032900      0x133 Common/Src/system_stm32h7xx_dualcore_boot_cm4_cm7.o
 .debug_macro   0x0000000000032a33      0x3be Common/Src/system_stm32h7xx_dualcore_boot_cm4_cm7.o
 .debug_macro   0x0000000000032df1       0x27 Common/Src/system_stm32h7xx_dualcore_boot_cm4_cm7.o
 .debug_macro   0x0000000000032e18      0x72d Common/Src/system_stm32h7xx_dualcore_boot_cm4_cm7.o
 .debug_macro   0x0000000000033545      0x229 Common/Src/system_stm32h7xx_dualcore_boot_cm4_cm7.o
 .debug_macro   0x000000000003376e       0x66 Common/Src/system_stm32h7xx_dualcore_boot_cm4_cm7.o
 .debug_macro   0x00000000000337d4      0x3bb Common/Src/system_stm32h7xx_dualcore_boot_cm4_cm7.o
 .debug_macro   0x0000000000033b8f      0x408 Common/Src/system_stm32h7xx_dualcore_boot_cm4_cm7.o
 .debug_macro   0x0000000000033f97      0x244 Common/Src/system_stm32h7xx_dualcore_boot_cm4_cm7.o
 .debug_macro   0x00000000000341db      0x3cb Common/Src/system_stm32h7xx_dualcore_boot_cm4_cm7.o
 .debug_macro   0x00000000000345a6      0x4b7 Common/Src/system_stm32h7xx_dualcore_boot_cm4_cm7.o
 .debug_macro   0x0000000000034a5d       0x51 Common/Src/system_stm32h7xx_dualcore_boot_cm4_cm7.o
 .debug_macro   0x0000000000034aae       0x4a Common/Src/system_stm32h7xx_dualcore_boot_cm4_cm7.o
 .debug_macro   0x0000000000034af8      0x22c Common/Src/system_stm32h7xx_dualcore_boot_cm4_cm7.o
 .debug_macro   0x0000000000034d24       0x64 Common/Src/system_stm32h7xx_dualcore_boot_cm4_cm7.o
 .debug_macro   0x0000000000034d88       0xa5 Common/Src/system_stm32h7xx_dualcore_boot_cm4_cm7.o
 .debug_macro   0x0000000000034e2d      0x219 Common/Src/system_stm32h7xx_dualcore_boot_cm4_cm7.o
 .debug_macro   0x0000000000035046      0x2eb Common/Src/system_stm32h7xx_dualcore_boot_cm4_cm7.o
 .debug_macro   0x0000000000035331       0x35 Common/Src/system_stm32h7xx_dualcore_boot_cm4_cm7.o
 .debug_macro   0x0000000000035366      0x662 Common/Src/system_stm32h7xx_dualcore_boot_cm4_cm7.o
 .debug_macro   0x00000000000359c8       0xa6 Common/Src/system_stm32h7xx_dualcore_boot_cm4_cm7.o
 .debug_macro   0x0000000000035a6e      0x798 Common/Src/system_stm32h7xx_dualcore_boot_cm4_cm7.o
 .debug_macro   0x0000000000036206      0x2a2 Core/Src/gpio.o
 .debug_macro   0x00000000000364a8       0x1c Core/Src/gpio.o
 .debug_macro   0x00000000000364c4      0x2b6 Core/Src/main.o
 .debug_macro   0x000000000003677a      0x298 Core/Src/stm32h7xx_hal_msp.o
 .debug_macro   0x0000000000036a12      0x2a2 Core/Src/stm32h7xx_it.o
 .debug_macro   0x0000000000036cb4      0x2b3 Drivers/STM32H7xx_HAL_Driver/stm32h7xx_hal.o
 .debug_macro   0x0000000000036f67      0x289 Drivers/STM32H7xx_HAL_Driver/stm32h7xx_hal_cortex.o
 .debug_macro   0x00000000000371f0      0x29b Drivers/STM32H7xx_HAL_Driver/stm32h7xx_hal_hsem.o
 .debug_macro   0x000000000003748b      0x2c2 Drivers/STM32H7xx_HAL_Driver/stm32h7xx_hal_pwr_ex.o
 .debug_macro   0x000000000003774d      0x2ad Drivers/STM32H7xx_HAL_Driver/stm32h7xx_hal_rcc.o

.debug_line     0x0000000000000000     0x6825
 .debug_line    0x0000000000000000      0x8e9 Common/Src/system_stm32h7xx_dualcore_boot_cm4_cm7.o
 .debug_line    0x00000000000008e9      0x859 Core/Src/gpio.o
 .debug_line    0x0000000000001142      0x88f Core/Src/main.o
 .debug_line    0x00000000000019d1      0x85e Core/Src/stm32h7xx_hal_msp.o
 .debug_line    0x000000000000222f      0x903 Core/Src/stm32h7xx_it.o
 .debug_line    0x0000000000002b32       0x87 Core/Startup/startup_stm32h755zitx.o
 .debug_line    0x0000000000002bb9      0xd94 Drivers/STM32H7xx_HAL_Driver/stm32h7xx_hal.o
 .debug_line    0x000000000000394d      0xbdb Drivers/STM32H7xx_HAL_Driver/stm32h7xx_hal_cortex.o
 .debug_line    0x0000000000004528      0x982 Drivers/STM32H7xx_HAL_Driver/stm32h7xx_hal_hsem.o
 .debug_line    0x0000000000004eaa      0xcff Drivers/STM32H7xx_HAL_Driver/stm32h7xx_hal_pwr_ex.o
 .debug_line    0x0000000000005ba9      0xc7c Drivers/STM32H7xx_HAL_Driver/stm32h7xx_hal_rcc.o

.debug_str      0x0000000000000000   0x174a16
 .debug_str     0x0000000000000000   0x171dd3 Common/Src/system_stm32h7xx_dualcore_boot_cm4_cm7.o
                                     0x1722e8 (size before relaxing)
 .debug_str     0x0000000000171dd3       0x9a Core/Src/gpio.o
                                     0x171ffd (size before relaxing)
 .debug_str     0x0000000000171e6d      0x544 Core/Src/main.o
                                     0x1727ef (size before relaxing)
 .debug_str     0x00000000001723b1       0x2c Core/Src/stm32h7xx_hal_msp.o
                                     0x172229 (size before relaxing)
 .debug_str     0x00000000001723dd       0xbd Core/Src/stm32h7xx_it.o
                                     0x172090 (size before relaxing)
 .debug_str     0x000000000017249a       0x36 Core/Startup/startup_stm32h755zitx.o
                                         0x81 (size before relaxing)
 .debug_str     0x00000000001724d0     0x12aa Drivers/STM32H7xx_HAL_Driver/stm32h7xx_hal.o
                                     0x1735d5 (size before relaxing)
 .debug_str     0x000000000017377a      0x3eb Drivers/STM32H7xx_HAL_Driver/stm32h7xx_hal_cortex.o
                                     0x172dab (size before relaxing)
 .debug_str     0x0000000000173b65      0x1ff Drivers/STM32H7xx_HAL_Driver/stm32h7xx_hal_hsem.o
                                     0x1721ec (size before relaxing)
 .debug_str     0x0000000000173d64      0x6f3 Drivers/STM32H7xx_HAL_Driver/stm32h7xx_hal_pwr_ex.o
                                     0x17296b (size before relaxing)
 .debug_str     0x0000000000174457      0x5bf Drivers/STM32H7xx_HAL_Driver/stm32h7xx_hal_rcc.o
                                     0x17284e (size before relaxing)

.comment        0x0000000000000000       0x7b
 .comment       0x0000000000000000       0x7b Common/Src/system_stm32h7xx_dualcore_boot_cm4_cm7.o
                                         0x7c (size before relaxing)
 .comment       0x000000000000007b       0x7c Core/Src/gpio.o
 .comment       0x000000000000007b       0x7c Core/Src/main.o
 .comment       0x000000000000007b       0x7c Core/Src/stm32h7xx_hal_msp.o
 .comment       0x000000000000007b       0x7c Core/Src/stm32h7xx_it.o
 .comment       0x000000000000007b       0x7c Drivers/STM32H7xx_HAL_Driver/stm32h7xx_hal.o
 .comment       0x000000000000007b       0x7c Drivers/STM32H7xx_HAL_Driver/stm32h7xx_hal_cortex.o
 .comment       0x000000000000007b       0x7c Drivers/STM32H7xx_HAL_Driver/stm32h7xx_hal_hsem.o
 .comment       0x000000000000007b       0x7c Drivers/STM32H7xx_HAL_Driver/stm32h7xx_hal_pwr_ex.o
 .comment       0x000000000000007b       0x7c Drivers/STM32H7xx_HAL_Driver/stm32h7xx_hal_rcc.o

.debug_frame    0x0000000000000000     0x1968
 .debug_frame   0x0000000000000000       0x58 Common/Src/system_stm32h7xx_dualcore_boot_cm4_cm7.o
 .debug_frame   0x0000000000000058       0x30 Core/Src/gpio.o
 .debug_frame   0x0000000000000088       0x50 Core/Src/main.o
 .debug_frame   0x00000000000000d8       0x38 Core/Src/stm32h7xx_hal_msp.o
 .debug_frame   0x0000000000000110      0x10c Core/Src/stm32h7xx_it.o
 .debug_frame   0x000000000000021c      0x8c8 Drivers/STM32H7xx_HAL_Driver/stm32h7xx_hal.o
 .debug_frame   0x0000000000000ae4      0x4b8 Drivers/STM32H7xx_HAL_Driver/stm32h7xx_hal_cortex.o
 .debug_frame   0x0000000000000f9c      0x1bc Drivers/STM32H7xx_HAL_Driver/stm32h7xx_hal_hsem.o
 .debug_frame   0x0000000000001158      0x5ec Drivers/STM32H7xx_HAL_Driver/stm32h7xx_hal_pwr_ex.o
 .debug_frame   0x0000000000001744      0x1f8 Drivers/STM32H7xx_HAL_Driver/stm32h7xx_hal_rcc.o
 .debug_frame   0x000000000000193c       0x2c /Applications/STM32CubeIDE.app/Contents/Eclipse/plugins/com.st.stm32cube.ide.mcu.externaltools.gnu-tools-for-stm32.7-2018-q2-update.macos64_1.4.0.202007081208/tools/bin/../lib/gcc/arm-none-eabi/7.3.1/../../../../arm-none-eabi/lib/thumb/v7e-m/fpv4-sp/hard/libc_nano.a(lib_a-init.o)
